#
# There is insufficient memory for the Java Runtime Environment to continue.
# Native memory allocation (malloc) failed to allocate 1572496 bytes for Chunk::new
# Possible reasons:
#   The system is out of physical RAM or swap space
#   The process is running with CompressedOops enabled, and the Java Heap may be blocking the growth of the native heap
# Possible solutions:
#   Reduce memory load on the system
#   Increase physical memory or swap space
#   Check if swap backing store is full
#   Decrease Java heap size (-Xmx/-Xms)
#   Decrease number of Java threads
#   Decrease Java thread stack sizes (-Xss)
#   Set larger code cache with -XX:ReservedCodeCacheSize=
#   JVM is running with Unscaled Compressed Oops mode in which the Java heap is
#     placed in the first 4GB address space. The Java Heap base address is the
#     maximum limit for the native heap growth. Please use -XX:HeapBaseMinAddress
#     to set the Java Heap base and to place the Java Heap above 4GB virtual address.
# This output file may be truncated or incomplete.
#
#  Out of Memory Error (./src/hotspot/share/memory/arena.cpp:197), pid=2004, tid=1736
#
# JRE version: OpenJDK Runtime Environment (11.0.10) (build 11.0.10+0-b96-7249189)
# Java VM: OpenJDK 64-Bit Server VM (11.0.10+0-b96-7249189, mixed mode, tiered, compressed oops, g1 gc, windows-amd64)
# No core dump will be written. Minidumps are not enabled by default on client versions of Windows
#

---------------  S U M M A R Y ------------

Command Line: --add-opens=java.base/java.util=ALL-UNNAMED --add-opens=java.base/java.lang=ALL-UNNAMED --add-opens=java.base/java.lang.invoke=ALL-UNNAMED --add-opens=java.base/java.util=ALL-UNNAMED --add-opens=java.prefs/java.util.prefs=ALL-UNNAMED --add-opens=java.prefs/java.util.prefs=ALL-UNNAMED --add-opens=java.base/java.nio.charset=ALL-UNNAMED --add-opens=java.base/java.net=ALL-UNNAMED --add-opens=java.base/java.util.concurrent.atomic=ALL-UNNAMED -Xmx2048m -Dfile.encoding=UTF-8 -Duser.country=MX -Duser.language=es -Duser.variant org.gradle.launcher.daemon.bootstrap.GradleDaemon 7.0.2

Host: Intel(R) Pentium(R) CPU  N3710  @ 1.60GHz, 4 cores, 3G,  Windows 10 , 64 bit Build 19041 (10.0.19041.1202)
Time: Thu Nov  4 22:32:47 2021 Hora estándar central (México) elapsed time: 60.643045 seconds (0d 0h 1m 0s)

---------------  T H R E A D  ---------------

Current thread (0x0000026cfa300800):  JavaThread "C2 CompilerThread0" daemon [_thread_in_native, id=1736, stack(0x000000a0f4e00000,0x000000a0f4f00000)]


Current CompileTask:
C2:  60643 10488       4       sun.reflect.generics.parser.SignatureParser::parseFieldTypeSignature (73 bytes)

Stack: [0x000000a0f4e00000,0x000000a0f4f00000]
Native frames: (J=compiled Java code, j=interpreted, Vv=VM code, C=native code)
V  [jvm.dll+0x5ecfaa]
V  [jvm.dll+0x722bd5]
V  [jvm.dll+0x72412d]
V  [jvm.dll+0x7247e3]
V  [jvm.dll+0x242928]
V  [jvm.dll+0xbc4fc]
V  [jvm.dll+0xbca0c]
V  [jvm.dll+0x352d7d]
V  [jvm.dll+0x320ad3]
V  [jvm.dll+0x31ffca]
V  [jvm.dll+0x1fb602]
V  [jvm.dll+0x1fa7f4]
V  [jvm.dll+0x18354c]
V  [jvm.dll+0x208ee7]
V  [jvm.dll+0x207731]
V  [jvm.dll+0x6eb1cf]
V  [jvm.dll+0x6e3d45]
V  [jvm.dll+0x5ebe96]
C  [ucrtbase.dll+0x21bb2]
C  [KERNEL32.DLL+0x17034]
C  [ntdll.dll+0x52651]


---------------  P R O C E S S  ---------------

Threads class SMR info:
_java_thread_list=0x0000026c8266e1b0, length=51, elements={
0x0000026ce06fb800, 0x0000026cfa29a000, 0x0000026cfa29b000, 0x0000026cfa2f5800,
0x0000026cfa2f8000, 0x0000026cfa2fa000, 0x0000026cfa300800, 0x0000026cfac80800,
0x0000026cfac8b800, 0x0000026cfad86800, 0x0000026cfc5a3800, 0x0000026cfda85800,
0x0000026cfc27a000, 0x0000026cfc08c800, 0x0000026cfd39e800, 0x0000026cfbdc5000,
0x0000026cfc1b4000, 0x0000026cfbb42000, 0x0000026cfccba000, 0x0000026cfd16c000,
0x0000026cfd16c800, 0x0000026cfd16e800, 0x0000026cfd16d800, 0x0000026cfd16f000,
0x0000026cfd171000, 0x0000026cfd16b000, 0x0000026cfd170000, 0x0000026cfd171800,
0x0000026cfce4f000, 0x0000026cfce49800, 0x0000026cfce4b000, 0x0000026cfce50000,
0x0000026cfce4c000, 0x0000026cfce4a000, 0x0000026cfce50800, 0x0000026cfce51800,
0x0000026cfce52800, 0x0000026cfce53000, 0x0000026cfce4d800, 0x0000026cfce56800,
0x0000026cfce55000, 0x0000026cfce57800, 0x0000026cfce55800, 0x0000026cfce54000,
0x0000026cfce58000, 0x0000026cfddc6800, 0x0000026cfddc7800, 0x0000026cfddc8800,
0x0000026cfddc9000, 0x0000026cfddca000, 0x0000026cfddc6000
}

Java Threads: ( => current thread )
  0x0000026ce06fb800 JavaThread "main" [_thread_blocked, id=12088, stack(0x000000a0f4200000,0x000000a0f4300000)]
  0x0000026cfa29a000 JavaThread "Reference Handler" daemon [_thread_blocked, id=17696, stack(0x000000a0f4900000,0x000000a0f4a00000)]
  0x0000026cfa29b000 JavaThread "Finalizer" daemon [_thread_blocked, id=17800, stack(0x000000a0f4a00000,0x000000a0f4b00000)]
  0x0000026cfa2f5800 JavaThread "Signal Dispatcher" daemon [_thread_blocked, id=9448, stack(0x000000a0f4b00000,0x000000a0f4c00000)]
  0x0000026cfa2f8000 JavaThread "Attach Listener" daemon [_thread_blocked, id=18400, stack(0x000000a0f4c00000,0x000000a0f4d00000)]
  0x0000026cfa2fa000 JavaThread "Service Thread" daemon [_thread_blocked, id=7084, stack(0x000000a0f4d00000,0x000000a0f4e00000)]
=>0x0000026cfa300800 JavaThread "C2 CompilerThread0" daemon [_thread_in_native, id=1736, stack(0x000000a0f4e00000,0x000000a0f4f00000)]
  0x0000026cfac80800 JavaThread "C1 CompilerThread0" daemon [_thread_in_native, id=16268, stack(0x000000a0f4f00000,0x000000a0f5000000)]
  0x0000026cfac8b800 JavaThread "Sweeper thread" daemon [_thread_blocked, id=3308, stack(0x000000a0f5000000,0x000000a0f5100000)]
  0x0000026cfad86800 JavaThread "Common-Cleaner" daemon [_thread_blocked, id=2256, stack(0x000000a0f5100000,0x000000a0f5200000)]
  0x0000026cfc5a3800 JavaThread "Daemon health stats" [_thread_blocked, id=2136, stack(0x000000a0f5500000,0x000000a0f5600000)]
  0x0000026cfda85800 JavaThread "Incoming local TCP Connector on port 59437" [_thread_in_native, id=14360, stack(0x000000a0f5300000,0x000000a0f5400000)]
  0x0000026cfc27a000 JavaThread "Daemon periodic checks" [_thread_blocked, id=18372, stack(0x000000a0f5600000,0x000000a0f5700000)]
  0x0000026cfc08c800 JavaThread "Daemon" [_thread_blocked, id=7560, stack(0x000000a0f5700000,0x000000a0f5800000)]
  0x0000026cfd39e800 JavaThread "Handler for socket connection from /127.0.0.1:59437 to /127.0.0.1:59438" [_thread_in_native, id=8404, stack(0x000000a0f5800000,0x000000a0f5900000)]
  0x0000026cfbdc5000 JavaThread "Cancel handler" [_thread_blocked, id=11036, stack(0x000000a0f5900000,0x000000a0f5a00000)]
  0x0000026cfc1b4000 JavaThread "Daemon worker" [_thread_blocked, id=2224, stack(0x000000a0f5a00000,0x000000a0f5b00000)]
  0x0000026cfbb42000 JavaThread "Asynchronous log dispatcher for DefaultDaemonConnection: socket connection from /127.0.0.1:59437 to /127.0.0.1:59438" [_thread_blocked, id=13420, stack(0x000000a0f5b00000,0x000000a0f5c00000)]
  0x0000026cfccba000 JavaThread "Stdin handler" [_thread_blocked, id=6568, stack(0x000000a0f5c00000,0x000000a0f5d00000)]
  0x0000026cfd16c000 JavaThread "Daemon client event forwarder" [_thread_blocked, id=4132, stack(0x000000a0f5d00000,0x000000a0f5e00000)]
  0x0000026cfd16c800 JavaThread "Cache worker for file hash cache (C:\Users\paco_\.gradle\caches\7.0.2\fileHashes)" [_thread_blocked, id=6120, stack(0x000000a0f6000000,0x000000a0f6100000)]
  0x0000026cfd16e800 JavaThread "File lock request listener" [_thread_in_native, id=4780, stack(0x000000a0f6100000,0x000000a0f6200000)]
  0x0000026cfd16d800 JavaThread "Cache worker for journal cache (C:\Users\paco_\.gradle\caches\journal-1)" [_thread_blocked, id=14760, stack(0x000000a0f6200000,0x000000a0f6300000)]
  0x0000026cfd16f000 JavaThread "Cache worker for file hash cache (C:\Users\paco_\Documents\Proyectos\Android\CantosCoro\.gradle\7.0.2\fileHashes)" [_thread_blocked, id=14588, stack(0x000000a0f6300000,0x000000a0f6400000)]
  0x0000026cfd171000 JavaThread "File watcher server" daemon [_thread_in_native, id=14636, stack(0x000000a0f6400000,0x000000a0f6500000)]
  0x0000026cfd16b000 JavaThread "File watcher consumer" daemon [_thread_blocked, id=11316, stack(0x000000a0f6500000,0x000000a0f6600000)]
  0x0000026cfd170000 JavaThread "Cache worker for checksums cache (C:\Users\paco_\Documents\Proyectos\Android\CantosCoro\.gradle\checksums)" [_thread_blocked, id=8784, stack(0x000000a0f6700000,0x000000a0f6800000)]
  0x0000026cfd171800 JavaThread "Cache worker for cache directory md-supplier (C:\Users\paco_\.gradle\caches\7.0.2\md-supplier)" [_thread_blocked, id=13800, stack(0x000000a0f6800000,0x000000a0f6900000)]
  0x0000026cfce4f000 JavaThread "Cache worker for cache directory md-rule (C:\Users\paco_\.gradle\caches\7.0.2\md-rule)" [_thread_blocked, id=18024, stack(0x000000a0f6900000,0x000000a0f6a00000)]
  0x0000026cfce49800 JavaThread "Cache worker for execution history cache (C:\Users\paco_\.gradle\caches\7.0.2\executionHistory)" [_thread_blocked, id=10184, stack(0x000000a0f6a00000,0x000000a0f6b00000)]
  0x0000026cfce4b000 JavaThread "jar transforms" [_thread_blocked, id=16300, stack(0x000000a0f6b00000,0x000000a0f6c00000)]
  0x0000026cfce50000 JavaThread "jar transforms Thread 2" [_thread_blocked, id=11892, stack(0x000000a0f6c00000,0x000000a0f6d00000)]
  0x0000026cfce4c000 JavaThread "Cache worker for file content cache (C:\Users\paco_\.gradle\caches\7.0.2\fileContent)" [_thread_blocked, id=8088, stack(0x000000a0f6d00000,0x000000a0f6e00000)]
  0x0000026cfce4a000 JavaThread "Cache worker for dependencies-accessors (C:\Users\paco_\Documents\Proyectos\Android\CantosCoro\.gradle\7.0.2\dependencies-accessors)" [_thread_blocked, id=12708, stack(0x000000a0f6e00000,0x000000a0f6f00000)]
  0x0000026cfce50800 JavaThread "jar transforms Thread 3" [_thread_blocked, id=12760, stack(0x000000a0f6600000,0x000000a0f6700000)]
  0x0000026cfce51800 JavaThread "Cache worker for Build Output Cleanup Cache (C:\Users\paco_\Documents\Proyectos\Android\CantosCoro\.gradle\buildOutputCleanup)" [_thread_blocked, id=4420, stack(0x000000a0f6f00000,0x000000a0f7000000)]
  0x0000026cfce52800 JavaThread "Build operations" [_thread_blocked, id=14776, stack(0x000000a0f7000000,0x000000a0f7100000)]
  0x0000026cfce53000 JavaThread "Build operations Thread 2" [_thread_blocked, id=8224, stack(0x000000a0f7100000,0x000000a0f7200000)]
  0x0000026cfce4d800 JavaThread "Build operations Thread 3" [_thread_blocked, id=3168, stack(0x000000a0f7200000,0x000000a0f7300000)]
  0x0000026cfce56800 JavaThread "Build operations Thread 4" [_thread_blocked, id=17464, stack(0x000000a0f7300000,0x000000a0f7400000)]
  0x0000026cfce55000 JavaThread "jar transforms Thread 4" [_thread_blocked, id=10992, stack(0x000000a0f7400000,0x000000a0f7500000)]
  0x0000026cfce57800 JavaThread "Memory manager" [_thread_blocked, id=5544, stack(0x000000a0f3f00000,0x000000a0f4000000)]
  0x0000026cfce55800 JavaThread "build event listener" [_thread_blocked, id=3300, stack(0x000000a0f7700000,0x000000a0f7800000)]
  0x0000026cfce54000 JavaThread "pool-3-thread-1" [_thread_blocked, id=13596, stack(0x000000a0f7800000,0x000000a0f7900000)]
  0x0000026cfce58000 JavaThread "build event listener" [_thread_blocked, id=7676, stack(0x000000a0f7900000,0x000000a0f7a00000)]
  0x0000026cfddc6800 JavaThread "Execution worker for ':'" [_thread_blocked, id=12848, stack(0x000000a0f7a00000,0x000000a0f7b00000)]
  0x0000026cfddc7800 JavaThread "Execution worker for ':' Thread 2" [_thread_blocked, id=13076, stack(0x000000a0f7b00000,0x000000a0f7c00000)]
  0x0000026cfddc8800 JavaThread "Execution worker for ':' Thread 3" [_thread_blocked, id=17616, stack(0x000000a0f7c00000,0x000000a0f7d00000)]
  0x0000026cfddc9000 JavaThread "Cache worker for execution history cache (C:\Users\paco_\Documents\Proyectos\Android\CantosCoro\.gradle\7.0.2\executionHistory)" [_thread_blocked, id=9236, stack(0x000000a0f7d00000,0x000000a0f7e00000)]
  0x0000026cfddca000 JavaThread "WorkerExecutor Queue" [_thread_in_vm, id=4084, stack(0x000000a0f7f00000,0x000000a0f8000000)]
  0x0000026cfddc6000 JavaThread "WorkerExecutor Queue Thread 2" [_thread_blocked, id=9712, stack(0x000000a0f8000000,0x000000a0f8100000)]

Other Threads:
  0x0000026cfa296000 VMThread "VM Thread" [stack: 0x000000a0f4800000,0x000000a0f4900000] [id=12200]
  0x0000026cfad8f800 WatcherThread [stack: 0x000000a0f5200000,0x000000a0f5300000] [id=8352]
  0x0000026ce0716800 GCTaskThread "GC Thread#0" [stack: 0x000000a0f4300000,0x000000a0f4400000] [id=10540]
  0x0000026cfb873800 GCTaskThread "GC Thread#1" [stack: 0x000000a0f5400000,0x000000a0f5500000] [id=3772]
  0x0000026cfbfa6000 GCTaskThread "GC Thread#2" [stack: 0x000000a0f5e00000,0x000000a0f5f00000] [id=13036]
  0x0000026cfb2be800 GCTaskThread "GC Thread#3" [stack: 0x000000a0f5f00000,0x000000a0f6000000] [id=17636]
  0x0000026ce0747000 ConcurrentGCThread "G1 Main Marker" [stack: 0x000000a0f4400000,0x000000a0f4500000] [id=1684]
  0x0000026ce0749800 ConcurrentGCThread "G1 Conc#0" [stack: 0x000000a0f4500000,0x000000a0f4600000] [id=7156]
  0x0000026ce07a2000 ConcurrentGCThread "G1 Refine#0" [stack: 0x000000a0f4600000,0x000000a0f4700000] [id=17868]
  0x0000026cfe0f4000 ConcurrentGCThread "G1 Refine#1" [stack: 0x000000a0f7e00000,0x000000a0f7f00000] [id=5208]
  0x0000026ce07a3000 ConcurrentGCThread "G1 Young RemSet Sampling" [stack: 0x000000a0f4700000,0x000000a0f4800000] [id=16140]

Threads with active compile tasks:
C2 CompilerThread0  60727 10488       4       sun.reflect.generics.parser.SignatureParser::parseFieldTypeSignature (73 bytes)
C1 CompilerThread0  60727 10666       3       kotlin.reflect.jvm.internal.impl.protobuf.CodedInputStream::<init> (67 bytes)

VM state:not at safepoint (normal execution)

VM Mutex/Monitor currently owned by a thread: None

Heap address: 0x0000000080000000, size: 2048 MB, Compressed Oops mode: 32-bit
Narrow klass base: 0x0000000000000000, Narrow klass shift: 3
Compressed class space size: 1073741824 Address: 0x0000000100000000

Heap:
 garbage-first heap   total 192512K, used 105684K [0x0000000080000000, 0x0000000100000000)
  region size 1024K, 30 young (30720K), 2 survivors (2048K)
 Metaspace       used 89053K, capacity 91144K, committed 91340K, reserved 1128448K
  class space    used 11346K, capacity 12125K, committed 12236K, reserved 1048576K
Heap Regions: E=young(eden), S=young(survivor), O=old, HS=humongous(starts), HC=humongous(continues), CS=collection set, F=free, A=archive, TAMS=top-at-mark-start (previous, next)
|   0|0x0000000080000000, 0x0000000080100000, 0x0000000080100000|100%| O|  |TAMS 0x0000000080100000, 0x0000000080000000| Untracked 
|   1|0x0000000080100000, 0x0000000080200000, 0x0000000080200000|100%| O|  |TAMS 0x0000000080200000, 0x0000000080100000| Untracked 
|   2|0x0000000080200000, 0x0000000080300000, 0x0000000080300000|100%| O|  |TAMS 0x0000000080300000, 0x0000000080200000| Untracked 
|   3|0x0000000080300000, 0x0000000080400000, 0x0000000080400000|100%|HS|  |TAMS 0x0000000080400000, 0x0000000080300000| Complete 
|   4|0x0000000080400000, 0x0000000080500000, 0x0000000080500000|100%|HC|  |TAMS 0x0000000080500000, 0x0000000080400000| Complete 
|   5|0x0000000080500000, 0x0000000080600000, 0x0000000080600000|100%|HC|  |TAMS 0x0000000080600000, 0x0000000080500000| Complete 
|   6|0x0000000080600000, 0x0000000080700000, 0x0000000080700000|100%| O|  |TAMS 0x0000000080700000, 0x0000000080600000| Untracked 
|   7|0x0000000080700000, 0x0000000080800000, 0x0000000080800000|100%| O|  |TAMS 0x0000000080800000, 0x0000000080700000| Untracked 
|   8|0x0000000080800000, 0x0000000080900000, 0x0000000080900000|100%| O|  |TAMS 0x0000000080900000, 0x0000000080800000| Untracked 
|   9|0x0000000080900000, 0x0000000080a00000, 0x0000000080a00000|100%| O|  |TAMS 0x0000000080a00000, 0x0000000080900000| Untracked 
|  10|0x0000000080a00000, 0x0000000080b00000, 0x0000000080b00000|100%| O|  |TAMS 0x0000000080b00000, 0x0000000080a00000| Untracked 
|  11|0x0000000080b00000, 0x0000000080c00000, 0x0000000080c00000|100%| O|  |TAMS 0x0000000080c00000, 0x0000000080b00000| Untracked 
|  12|0x0000000080c00000, 0x0000000080d00000, 0x0000000080d00000|100%| O|  |TAMS 0x0000000080d00000, 0x0000000080c00000| Untracked 
|  13|0x0000000080d00000, 0x0000000080e00000, 0x0000000080e00000|100%| O|  |TAMS 0x0000000080e00000, 0x0000000080d00000| Untracked 
|  14|0x0000000080e00000, 0x0000000080f00000, 0x0000000080f00000|100%| O|  |TAMS 0x0000000080f00000, 0x0000000080e00000| Untracked 
|  15|0x0000000080f00000, 0x0000000081000000, 0x0000000081000000|100%| O|  |TAMS 0x0000000081000000, 0x0000000080f00000| Untracked 
|  16|0x0000000081000000, 0x0000000081100000, 0x0000000081100000|100%| O|  |TAMS 0x0000000081100000, 0x0000000081000000| Untracked 
|  17|0x0000000081100000, 0x0000000081200000, 0x0000000081200000|100%| O|  |TAMS 0x0000000081200000, 0x0000000081100000| Untracked 
|  18|0x0000000081200000, 0x0000000081300000, 0x0000000081300000|100%| O|  |TAMS 0x0000000081300000, 0x0000000081200000| Untracked 
|  19|0x0000000081300000, 0x0000000081400000, 0x0000000081400000|100%| O|  |TAMS 0x0000000081400000, 0x0000000081300000| Untracked 
|  20|0x0000000081400000, 0x0000000081500000, 0x0000000081500000|100%| O|  |TAMS 0x0000000081500000, 0x0000000081400000| Untracked 
|  21|0x0000000081500000, 0x0000000081600000, 0x0000000081600000|100%| O|  |TAMS 0x0000000081600000, 0x0000000081500000| Untracked 
|  22|0x0000000081600000, 0x0000000081700000, 0x0000000081700000|100%| O|  |TAMS 0x0000000081700000, 0x0000000081600000| Untracked 
|  23|0x0000000081700000, 0x0000000081800000, 0x0000000081800000|100%| O|  |TAMS 0x0000000081800000, 0x0000000081700000| Untracked 
|  24|0x0000000081800000, 0x0000000081900000, 0x0000000081900000|100%| O|  |TAMS 0x0000000081900000, 0x0000000081800000| Untracked 
|  25|0x0000000081900000, 0x0000000081a00000, 0x0000000081a00000|100%| O|  |TAMS 0x0000000081a00000, 0x0000000081900000| Untracked 
|  26|0x0000000081a00000, 0x0000000081b00000, 0x0000000081b00000|100%| O|  |TAMS 0x0000000081b00000, 0x0000000081a00000| Untracked 
|  27|0x0000000081b00000, 0x0000000081c00000, 0x0000000081c00000|100%|HS|  |TAMS 0x0000000081c00000, 0x0000000081b00000| Complete 
|  28|0x0000000081c00000, 0x0000000081d00000, 0x0000000081d00000|100%|HS|  |TAMS 0x0000000081d00000, 0x0000000081c00000| Complete 
|  29|0x0000000081d00000, 0x0000000081e00000, 0x0000000081e00000|100%|HS|  |TAMS 0x0000000081e00000, 0x0000000081d00000| Complete 
|  30|0x0000000081e00000, 0x0000000081f00000, 0x0000000081f00000|100%|HC|  |TAMS 0x0000000081f00000, 0x0000000081e00000| Complete 
|  31|0x0000000081f00000, 0x0000000082000000, 0x0000000082000000|100%| O|  |TAMS 0x0000000082000000, 0x0000000081f00000| Untracked 
|  32|0x0000000082000000, 0x0000000082100000, 0x0000000082100000|100%| O|  |TAMS 0x0000000082100000, 0x0000000082000000| Untracked 
|  33|0x0000000082100000, 0x0000000082200000, 0x0000000082200000|100%| O|  |TAMS 0x0000000082200000, 0x0000000082100000| Untracked 
|  34|0x0000000082200000, 0x0000000082300000, 0x0000000082300000|100%| O|  |TAMS 0x0000000082300000, 0x0000000082200000| Untracked 
|  35|0x0000000082300000, 0x0000000082400000, 0x0000000082400000|100%| O|  |TAMS 0x0000000082400000, 0x0000000082300000| Untracked 
|  36|0x0000000082400000, 0x0000000082500000, 0x0000000082500000|100%| O|  |TAMS 0x0000000082500000, 0x0000000082400000| Untracked 
|  37|0x0000000082500000, 0x0000000082600000, 0x0000000082600000|100%| O|  |TAMS 0x0000000082600000, 0x0000000082500000| Untracked 
|  38|0x0000000082600000, 0x0000000082700000, 0x0000000082700000|100%| O|  |TAMS 0x0000000082700000, 0x0000000082600000| Untracked 
|  39|0x0000000082700000, 0x0000000082800000, 0x0000000082800000|100%| O|  |TAMS 0x0000000082800000, 0x0000000082700000| Untracked 
|  40|0x0000000082800000, 0x0000000082900000, 0x0000000082900000|100%| O|  |TAMS 0x0000000082900000, 0x0000000082800000| Untracked 
|  41|0x0000000082900000, 0x0000000082a00000, 0x0000000082a00000|100%| O|  |TAMS 0x0000000082a00000, 0x0000000082900000| Untracked 
|  42|0x0000000082a00000, 0x0000000082a00000, 0x0000000082b00000|  0%| F|  |TAMS 0x0000000082a00000, 0x0000000082a00000| Untracked 
|  43|0x0000000082b00000, 0x0000000082c00000, 0x0000000082c00000|100%| O|  |TAMS 0x0000000082c00000, 0x0000000082b00000| Untracked 
|  44|0x0000000082c00000, 0x0000000082d00000, 0x0000000082d00000|100%| O|  |TAMS 0x0000000082d00000, 0x0000000082c00000| Untracked 
|  45|0x0000000082d00000, 0x0000000082e00000, 0x0000000082e00000|100%| O|  |TAMS 0x0000000082e00000, 0x0000000082d00000| Untracked 
|  46|0x0000000082e00000, 0x0000000082f00000, 0x0000000082f00000|100%| O|  |TAMS 0x0000000082f00000, 0x0000000082e00000| Untracked 
|  47|0x0000000082f00000, 0x0000000083000000, 0x0000000083000000|100%| O|  |TAMS 0x0000000083000000, 0x0000000082f00000| Untracked 
|  48|0x0000000083000000, 0x0000000083100000, 0x0000000083100000|100%| O|  |TAMS 0x0000000083100000, 0x0000000083000000| Untracked 
|  49|0x0000000083100000, 0x0000000083200000, 0x0000000083200000|100%| O|  |TAMS 0x0000000083200000, 0x0000000083100000| Untracked 
|  50|0x0000000083200000, 0x0000000083300000, 0x0000000083300000|100%| O|  |TAMS 0x0000000083300000, 0x0000000083200000| Untracked 
|  51|0x0000000083300000, 0x0000000083400000, 0x0000000083400000|100%| O|  |TAMS 0x0000000083400000, 0x0000000083300000| Untracked 
|  52|0x0000000083400000, 0x0000000083500000, 0x0000000083500000|100%| O|  |TAMS 0x0000000083500000, 0x0000000083400000| Untracked 
|  53|0x0000000083500000, 0x0000000083600000, 0x0000000083600000|100%| O|  |TAMS 0x0000000083600000, 0x0000000083500000| Untracked 
|  54|0x0000000083600000, 0x0000000083700000, 0x0000000083700000|100%| O|  |TAMS 0x0000000083700000, 0x0000000083600000| Untracked 
|  55|0x0000000083700000, 0x0000000083800000, 0x0000000083800000|100%| O|  |TAMS 0x0000000083800000, 0x0000000083700000| Untracked 
|  56|0x0000000083800000, 0x0000000083900000, 0x0000000083900000|100%| O|  |TAMS 0x0000000083900000, 0x0000000083800000| Untracked 
|  57|0x0000000083900000, 0x0000000083a00000, 0x0000000083a00000|100%| O|  |TAMS 0x0000000083a00000, 0x0000000083900000| Untracked 
|  58|0x0000000083a00000, 0x0000000083b00000, 0x0000000083b00000|100%| O|  |TAMS 0x0000000083b00000, 0x0000000083a00000| Untracked 
|  59|0x0000000083b00000, 0x0000000083c00000, 0x0000000083c00000|100%| O|  |TAMS 0x0000000083c00000, 0x0000000083b00000| Untracked 
|  60|0x0000000083c00000, 0x0000000083d00000, 0x0000000083d00000|100%| O|  |TAMS 0x0000000083d00000, 0x0000000083c00000| Untracked 
|  61|0x0000000083d00000, 0x0000000083e00000, 0x0000000083e00000|100%| O|  |TAMS 0x0000000083e00000, 0x0000000083d00000| Untracked 
|  62|0x0000000083e00000, 0x0000000083f00000, 0x0000000083f00000|100%| O|  |TAMS 0x0000000083f00000, 0x0000000083e00000| Untracked 
|  63|0x0000000083f00000, 0x0000000084000000, 0x0000000084000000|100%| O|  |TAMS 0x0000000084000000, 0x0000000083f00000| Untracked 
|  64|0x0000000084000000, 0x0000000084100000, 0x0000000084100000|100%| O|  |TAMS 0x0000000084100000, 0x0000000084000000| Untracked 
|  65|0x0000000084100000, 0x0000000084200000, 0x0000000084200000|100%| O|  |TAMS 0x0000000084200000, 0x0000000084100000| Untracked 
|  66|0x0000000084200000, 0x0000000084300000, 0x0000000084300000|100%| O|  |TAMS 0x0000000084300000, 0x0000000084200000| Untracked 
|  67|0x0000000084300000, 0x0000000084400000, 0x0000000084400000|100%| O|  |TAMS 0x0000000084400000, 0x0000000084300000| Untracked 
|  68|0x0000000084400000, 0x0000000084400000, 0x0000000084500000|  0%| F|  |TAMS 0x0000000084400000, 0x0000000084400000| Untracked 
|  69|0x0000000084500000, 0x0000000084500000, 0x0000000084600000|  0%| F|  |TAMS 0x0000000084500000, 0x0000000084500000| Untracked 
|  70|0x0000000084600000, 0x0000000084600000, 0x0000000084700000|  0%| F|  |TAMS 0x0000000084600000, 0x0000000084600000| Untracked 
|  71|0x0000000084700000, 0x0000000084700000, 0x0000000084800000|  0%| F|  |TAMS 0x0000000084700000, 0x0000000084700000| Untracked 
|  72|0x0000000084800000, 0x0000000084800000, 0x0000000084900000|  0%| F|  |TAMS 0x0000000084800000, 0x0000000084800000| Untracked 
|  73|0x0000000084900000, 0x0000000084900000, 0x0000000084a00000|  0%| F|  |TAMS 0x0000000084900000, 0x0000000084900000| Untracked 
|  74|0x0000000084a00000, 0x0000000084a00000, 0x0000000084b00000|  0%| F|  |TAMS 0x0000000084a00000, 0x0000000084a00000| Untracked 
|  75|0x0000000084b00000, 0x0000000084b00000, 0x0000000084c00000|  0%| F|  |TAMS 0x0000000084b00000, 0x0000000084b00000| Untracked 
|  76|0x0000000084c00000, 0x0000000084c00000, 0x0000000084d00000|  0%| F|  |TAMS 0x0000000084c00000, 0x0000000084c00000| Untracked 
|  77|0x0000000084d00000, 0x0000000084d00000, 0x0000000084e00000|  0%| F|  |TAMS 0x0000000084d00000, 0x0000000084d00000| Untracked 
|  78|0x0000000084e00000, 0x0000000084e00000, 0x0000000084f00000|  0%| F|  |TAMS 0x0000000084e00000, 0x0000000084e00000| Untracked 
|  79|0x0000000084f00000, 0x0000000084f00000, 0x0000000085000000|  0%| F|  |TAMS 0x0000000084f00000, 0x0000000084f00000| Untracked 
|  80|0x0000000085000000, 0x0000000085100000, 0x0000000085100000|100%| O|  |TAMS 0x0000000085100000, 0x0000000085000000| Untracked 
|  81|0x0000000085100000, 0x0000000085100000, 0x0000000085200000|  0%| F|  |TAMS 0x0000000085100000, 0x0000000085100000| Untracked 
|  82|0x0000000085200000, 0x0000000085300000, 0x0000000085300000|100%| O|  |TAMS 0x0000000085300000, 0x0000000085200000| Untracked 
|  83|0x0000000085300000, 0x0000000085400000, 0x0000000085400000|100%| O|  |TAMS 0x0000000085400000, 0x0000000085300000| Untracked 
|  84|0x0000000085400000, 0x0000000085500000, 0x0000000085500000|100%| O|  |TAMS 0x0000000085500000, 0x0000000085400000| Untracked 
|  85|0x0000000085500000, 0x0000000085600000, 0x0000000085600000|100%| O|  |TAMS 0x0000000085600000, 0x0000000085500000| Untracked 
|  86|0x0000000085600000, 0x0000000085700000, 0x0000000085700000|100%| O|  |TAMS 0x0000000085700000, 0x0000000085600000| Untracked 
|  87|0x0000000085700000, 0x0000000085800000, 0x0000000085800000|100%| O|  |TAMS 0x0000000085800000, 0x0000000085700000| Untracked 
|  88|0x0000000085800000, 0x0000000085900000, 0x0000000085900000|100%| O|  |TAMS 0x0000000085900000, 0x0000000085800000| Untracked 
|  89|0x0000000085900000, 0x0000000085917c00, 0x0000000085a00000|  9%| O|  |TAMS 0x0000000085917c00, 0x0000000085900000| Untracked 
|  90|0x0000000085a00000, 0x0000000085a00000, 0x0000000085b00000|  0%| F|  |TAMS 0x0000000085a00000, 0x0000000085a00000| Untracked 
|  91|0x0000000085b00000, 0x0000000085b00000, 0x0000000085c00000|  0%| F|  |TAMS 0x0000000085b00000, 0x0000000085b00000| Untracked 
|  92|0x0000000085c00000, 0x0000000085c00000, 0x0000000085d00000|  0%| F|  |TAMS 0x0000000085c00000, 0x0000000085c00000| Untracked 
|  93|0x0000000085d00000, 0x0000000085d00000, 0x0000000085e00000|  0%| F|  |TAMS 0x0000000085d00000, 0x0000000085d00000| Untracked 
|  94|0x0000000085e00000, 0x0000000085e00000, 0x0000000085f00000|  0%| F|  |TAMS 0x0000000085e00000, 0x0000000085e00000| Untracked 
|  95|0x0000000085f00000, 0x0000000085f00000, 0x0000000086000000|  0%| F|  |TAMS 0x0000000085f00000, 0x0000000085f00000| Untracked 
|  96|0x0000000086000000, 0x0000000086000000, 0x0000000086100000|  0%| F|  |TAMS 0x0000000086000000, 0x0000000086000000| Untracked 
|  97|0x0000000086100000, 0x0000000086100000, 0x0000000086200000|  0%| F|  |TAMS 0x0000000086100000, 0x0000000086100000| Untracked 
|  98|0x0000000086200000, 0x0000000086200000, 0x0000000086300000|  0%| F|  |TAMS 0x0000000086200000, 0x0000000086200000| Untracked 
|  99|0x0000000086300000, 0x0000000086300000, 0x0000000086400000|  0%| F|  |TAMS 0x0000000086300000, 0x0000000086300000| Untracked 
| 100|0x0000000086400000, 0x0000000086400000, 0x0000000086500000|  0%| F|  |TAMS 0x0000000086400000, 0x0000000086400000| Untracked 
| 101|0x0000000086500000, 0x0000000086500000, 0x0000000086600000|  0%| F|  |TAMS 0x0000000086500000, 0x0000000086500000| Untracked 
| 102|0x0000000086600000, 0x0000000086600000, 0x0000000086700000|  0%| F|  |TAMS 0x0000000086600000, 0x0000000086600000| Untracked 
| 103|0x0000000086700000, 0x0000000086700000, 0x0000000086800000|  0%| F|  |TAMS 0x0000000086700000, 0x0000000086700000| Untracked 
| 104|0x0000000086800000, 0x0000000086800000, 0x0000000086900000|  0%| F|  |TAMS 0x0000000086800000, 0x0000000086800000| Untracked 
| 105|0x0000000086900000, 0x0000000086900000, 0x0000000086a00000|  0%| F|  |TAMS 0x0000000086900000, 0x0000000086900000| Untracked 
| 106|0x0000000086a00000, 0x0000000086a00000, 0x0000000086b00000|  0%| F|  |TAMS 0x0000000086a00000, 0x0000000086a00000| Untracked 
| 107|0x0000000086b00000, 0x0000000086b00000, 0x0000000086c00000|  0%| F|  |TAMS 0x0000000086b00000, 0x0000000086b00000| Untracked 
| 108|0x0000000086c00000, 0x0000000086c00000, 0x0000000086d00000|  0%| F|  |TAMS 0x0000000086c00000, 0x0000000086c00000| Untracked 
| 109|0x0000000086d00000, 0x0000000086d00000, 0x0000000086e00000|  0%| F|  |TAMS 0x0000000086d00000, 0x0000000086d00000| Untracked 
| 110|0x0000000086e00000, 0x0000000086e00000, 0x0000000086f00000|  0%| F|  |TAMS 0x0000000086e00000, 0x0000000086e00000| Untracked 
| 111|0x0000000086f00000, 0x0000000086f00000, 0x0000000087000000|  0%| F|  |TAMS 0x0000000086f00000, 0x0000000086f00000| Untracked 
| 112|0x0000000087000000, 0x0000000087000000, 0x0000000087100000|  0%| F|  |TAMS 0x0000000087000000, 0x0000000087000000| Untracked 
| 113|0x0000000087100000, 0x0000000087100000, 0x0000000087200000|  0%| F|  |TAMS 0x0000000087100000, 0x0000000087100000| Untracked 
| 114|0x0000000087200000, 0x0000000087200000, 0x0000000087300000|  0%| F|  |TAMS 0x0000000087200000, 0x0000000087200000| Untracked 
| 115|0x0000000087300000, 0x0000000087300000, 0x0000000087400000|  0%| F|  |TAMS 0x0000000087300000, 0x0000000087300000| Untracked 
| 116|0x0000000087400000, 0x0000000087400000, 0x0000000087500000|  0%| F|  |TAMS 0x0000000087400000, 0x0000000087400000| Untracked 
| 117|0x0000000087500000, 0x0000000087500000, 0x0000000087600000|  0%| F|  |TAMS 0x0000000087500000, 0x0000000087500000| Untracked 
| 118|0x0000000087600000, 0x0000000087600000, 0x0000000087700000|  0%| F|  |TAMS 0x0000000087600000, 0x0000000087600000| Untracked 
| 119|0x0000000087700000, 0x0000000087700000, 0x0000000087800000|  0%| F|  |TAMS 0x0000000087700000, 0x0000000087700000| Untracked 
| 120|0x0000000087800000, 0x0000000087800000, 0x0000000087900000|  0%| F|  |TAMS 0x0000000087800000, 0x0000000087800000| Untracked 
| 121|0x0000000087900000, 0x0000000087900000, 0x0000000087a00000|  0%| F|  |TAMS 0x0000000087900000, 0x0000000087900000| Untracked 
| 122|0x0000000087a00000, 0x0000000087a1d7f0, 0x0000000087b00000| 11%| S|CS|TAMS 0x0000000087a00000, 0x0000000087a00000| Complete 
| 123|0x0000000087b00000, 0x0000000087c00000, 0x0000000087c00000|100%| S|CS|TAMS 0x0000000087b00000, 0x0000000087b00000| Complete 
| 124|0x0000000087c00000, 0x0000000087c00000, 0x0000000087d00000|  0%| F|  |TAMS 0x0000000087c00000, 0x0000000087c00000| Untracked 
| 125|0x0000000087d00000, 0x0000000087d00000, 0x0000000087e00000|  0%| F|  |TAMS 0x0000000087d00000, 0x0000000087d00000| Untracked 
| 126|0x0000000087e00000, 0x0000000087e00000, 0x0000000087f00000|  0%| F|  |TAMS 0x0000000087e00000, 0x0000000087e00000| Untracked 
| 127|0x0000000087f00000, 0x0000000087f00000, 0x0000000088000000|  0%| F|  |TAMS 0x0000000087f00000, 0x0000000087f00000| Untracked 
| 128|0x0000000088000000, 0x0000000088000000, 0x0000000088100000|  0%| F|  |TAMS 0x0000000088000000, 0x0000000088000000| Untracked 
| 129|0x0000000088100000, 0x0000000088100000, 0x0000000088200000|  0%| F|  |TAMS 0x0000000088100000, 0x0000000088100000| Untracked 
| 130|0x0000000088200000, 0x0000000088200000, 0x0000000088300000|  0%| F|  |TAMS 0x0000000088200000, 0x0000000088200000| Untracked 
| 131|0x0000000088300000, 0x0000000088300000, 0x0000000088400000|  0%| F|  |TAMS 0x0000000088300000, 0x0000000088300000| Untracked 
| 132|0x0000000088400000, 0x0000000088400000, 0x0000000088500000|  0%| F|  |TAMS 0x0000000088400000, 0x0000000088400000| Untracked 
| 133|0x0000000088500000, 0x0000000088500000, 0x0000000088600000|  0%| F|  |TAMS 0x0000000088500000, 0x0000000088500000| Untracked 
| 134|0x0000000088600000, 0x0000000088600000, 0x0000000088700000|  0%| F|  |TAMS 0x0000000088600000, 0x0000000088600000| Untracked 
| 135|0x0000000088700000, 0x0000000088700000, 0x0000000088800000|  0%| F|  |TAMS 0x0000000088700000, 0x0000000088700000| Untracked 
| 136|0x0000000088800000, 0x0000000088800000, 0x0000000088900000|  0%| F|  |TAMS 0x0000000088800000, 0x0000000088800000| Untracked 
| 137|0x0000000088900000, 0x0000000088900000, 0x0000000088a00000|  0%| F|  |TAMS 0x0000000088900000, 0x0000000088900000| Untracked 
| 138|0x0000000088a00000, 0x0000000088a00000, 0x0000000088b00000|  0%| F|  |TAMS 0x0000000088a00000, 0x0000000088a00000| Untracked 
| 139|0x0000000088b00000, 0x0000000088b00000, 0x0000000088c00000|  0%| F|  |TAMS 0x0000000088b00000, 0x0000000088b00000| Untracked 
| 140|0x0000000088c00000, 0x0000000088c00000, 0x0000000088d00000|  0%| F|  |TAMS 0x0000000088c00000, 0x0000000088c00000| Untracked 
| 141|0x0000000088d00000, 0x0000000088d00000, 0x0000000088e00000|  0%| F|  |TAMS 0x0000000088d00000, 0x0000000088d00000| Untracked 
| 142|0x0000000088e00000, 0x0000000088e00000, 0x0000000088f00000|  0%| F|  |TAMS 0x0000000088e00000, 0x0000000088e00000| Untracked 
| 143|0x0000000088f00000, 0x0000000088f00000, 0x0000000089000000|  0%| F|  |TAMS 0x0000000088f00000, 0x0000000088f00000| Untracked 
| 144|0x0000000089000000, 0x0000000089000000, 0x0000000089100000|  0%| F|  |TAMS 0x0000000089000000, 0x0000000089000000| Untracked 
| 145|0x0000000089100000, 0x0000000089100000, 0x0000000089200000|  0%| F|  |TAMS 0x0000000089100000, 0x0000000089100000| Untracked 
| 146|0x0000000089200000, 0x0000000089200000, 0x0000000089300000|  0%| F|  |TAMS 0x0000000089200000, 0x0000000089200000| Untracked 
| 147|0x0000000089300000, 0x0000000089300000, 0x0000000089400000|  0%| F|  |TAMS 0x0000000089300000, 0x0000000089300000| Untracked 
| 148|0x0000000089400000, 0x0000000089400000, 0x0000000089500000|  0%| F|  |TAMS 0x0000000089400000, 0x0000000089400000| Untracked 
| 149|0x0000000089500000, 0x0000000089500000, 0x0000000089600000|  0%| F|  |TAMS 0x0000000089500000, 0x0000000089500000| Untracked 
| 150|0x0000000089600000, 0x0000000089600000, 0x0000000089700000|  0%| F|  |TAMS 0x0000000089600000, 0x0000000089600000| Untracked 
| 151|0x0000000089700000, 0x0000000089700000, 0x0000000089800000|  0%| F|  |TAMS 0x0000000089700000, 0x0000000089700000| Untracked 
| 152|0x0000000089800000, 0x0000000089800000, 0x0000000089900000|  0%| F|  |TAMS 0x0000000089800000, 0x0000000089800000| Untracked 
| 153|0x0000000089900000, 0x0000000089900000, 0x0000000089a00000|  0%| F|  |TAMS 0x0000000089900000, 0x0000000089900000| Untracked 
| 154|0x0000000089a00000, 0x0000000089a00000, 0x0000000089b00000|  0%| F|  |TAMS 0x0000000089a00000, 0x0000000089a00000| Untracked 
| 155|0x0000000089b00000, 0x0000000089b00000, 0x0000000089c00000|  0%| F|  |TAMS 0x0000000089b00000, 0x0000000089b00000| Untracked 
| 156|0x0000000089c00000, 0x0000000089c00000, 0x0000000089d00000|  0%| F|  |TAMS 0x0000000089c00000, 0x0000000089c00000| Untracked 
| 157|0x0000000089d00000, 0x0000000089d00000, 0x0000000089e00000|  0%| F|  |TAMS 0x0000000089d00000, 0x0000000089d00000| Untracked 
| 158|0x0000000089e00000, 0x0000000089e00000, 0x0000000089f00000|  0%| F|  |TAMS 0x0000000089e00000, 0x0000000089e00000| Untracked 
| 159|0x0000000089f00000, 0x0000000089f00000, 0x000000008a000000|  0%| F|  |TAMS 0x0000000089f00000, 0x0000000089f00000| Untracked 
| 160|0x000000008a000000, 0x000000008a0c2b40, 0x000000008a100000| 76%| E|  |TAMS 0x000000008a000000, 0x000000008a000000| Complete 
| 161|0x000000008a100000, 0x000000008a200000, 0x000000008a200000|100%| E|CS|TAMS 0x000000008a100000, 0x000000008a100000| Complete 
| 162|0x000000008a200000, 0x000000008a300000, 0x000000008a300000|100%| E|CS|TAMS 0x000000008a200000, 0x000000008a200000| Complete 
| 163|0x000000008a300000, 0x000000008a400000, 0x000000008a400000|100%| E|CS|TAMS 0x000000008a300000, 0x000000008a300000| Complete 
| 164|0x000000008a400000, 0x000000008a500000, 0x000000008a500000|100%| E|CS|TAMS 0x000000008a400000, 0x000000008a400000| Complete 
| 165|0x000000008a500000, 0x000000008a600000, 0x000000008a600000|100%| E|CS|TAMS 0x000000008a500000, 0x000000008a500000| Complete 
| 166|0x000000008a600000, 0x000000008a700000, 0x000000008a700000|100%| E|CS|TAMS 0x000000008a600000, 0x000000008a600000| Complete 
| 167|0x000000008a700000, 0x000000008a800000, 0x000000008a800000|100%| E|CS|TAMS 0x000000008a700000, 0x000000008a700000| Complete 
| 168|0x000000008a800000, 0x000000008a900000, 0x000000008a900000|100%| E|CS|TAMS 0x000000008a800000, 0x000000008a800000| Complete 
| 169|0x000000008a900000, 0x000000008aa00000, 0x000000008aa00000|100%| E|CS|TAMS 0x000000008a900000, 0x000000008a900000| Complete 
| 170|0x000000008aa00000, 0x000000008ab00000, 0x000000008ab00000|100%| E|CS|TAMS 0x000000008aa00000, 0x000000008aa00000| Complete 
| 171|0x000000008ab00000, 0x000000008ac00000, 0x000000008ac00000|100%| E|CS|TAMS 0x000000008ab00000, 0x000000008ab00000| Complete 
| 172|0x000000008ac00000, 0x000000008ad00000, 0x000000008ad00000|100%| E|CS|TAMS 0x000000008ac00000, 0x000000008ac00000| Complete 
| 173|0x000000008ad00000, 0x000000008ae00000, 0x000000008ae00000|100%| E|CS|TAMS 0x000000008ad00000, 0x000000008ad00000| Complete 
| 174|0x000000008ae00000, 0x000000008af00000, 0x000000008af00000|100%| E|CS|TAMS 0x000000008ae00000, 0x000000008ae00000| Complete 
| 175|0x000000008af00000, 0x000000008b000000, 0x000000008b000000|100%| E|CS|TAMS 0x000000008af00000, 0x000000008af00000| Complete 
| 176|0x000000008b000000, 0x000000008b100000, 0x000000008b100000|100%| E|CS|TAMS 0x000000008b000000, 0x000000008b000000| Complete 
| 177|0x000000008b100000, 0x000000008b200000, 0x000000008b200000|100%| E|CS|TAMS 0x000000008b100000, 0x000000008b100000| Complete 
| 178|0x000000008b200000, 0x000000008b300000, 0x000000008b300000|100%| E|CS|TAMS 0x000000008b200000, 0x000000008b200000| Complete 
| 179|0x000000008b300000, 0x000000008b400000, 0x000000008b400000|100%| E|CS|TAMS 0x000000008b300000, 0x000000008b300000| Complete 
| 180|0x000000008b400000, 0x000000008b500000, 0x000000008b500000|100%| E|CS|TAMS 0x000000008b400000, 0x000000008b400000| Complete 
| 181|0x000000008b500000, 0x000000008b600000, 0x000000008b600000|100%| E|CS|TAMS 0x000000008b500000, 0x000000008b500000| Complete 
| 182|0x000000008b600000, 0x000000008b700000, 0x000000008b700000|100%| E|CS|TAMS 0x000000008b600000, 0x000000008b600000| Complete 
| 183|0x000000008b700000, 0x000000008b800000, 0x000000008b800000|100%| E|CS|TAMS 0x000000008b700000, 0x000000008b700000| Complete 
| 184|0x000000008b800000, 0x000000008b900000, 0x000000008b900000|100%| E|CS|TAMS 0x000000008b800000, 0x000000008b800000| Complete 
| 185|0x000000008b900000, 0x000000008ba00000, 0x000000008ba00000|100%| E|CS|TAMS 0x000000008b900000, 0x000000008b900000| Complete 
| 186|0x000000008ba00000, 0x000000008bb00000, 0x000000008bb00000|100%| E|CS|TAMS 0x000000008ba00000, 0x000000008ba00000| Complete 
| 187|0x000000008bb00000, 0x000000008bc00000, 0x000000008bc00000|100%| E|CS|TAMS 0x000000008bb00000, 0x000000008bb00000| Complete 

Card table byte_map: [0x0000026cf35f0000,0x0000026cf39f0000] _byte_map_base: 0x0000026cf31f0000

Marking Bits (Prev, Next): (CMBitMap*) 0x0000026ce073e6e0, (CMBitMap*) 0x0000026ce073e6a8
 Prev Bits: [0x0000026cf5df0000, 0x0000026cf7df0000)
 Next Bits: [0x0000026cf3df0000, 0x0000026cf5df0000)

Polling page: 0x0000026cde600000

Metaspace:

Usage:
  Non-class:     77.17 MB capacity,    75.89 MB ( 98%) used,     1.05 MB (  1%) free+waste,   241.06 KB ( <1%) overhead. 
      Class:     11.84 MB capacity,    11.08 MB ( 94%) used,   671.30 KB (  6%) free+waste,   107.06 KB ( <1%) overhead. 
       Both:     89.01 MB capacity,    86.97 MB ( 98%) used,     1.70 MB (  2%) free+waste,   348.13 KB ( <1%) overhead. 

Virtual space:
  Non-class space:       78.00 MB reserved,      77.25 MB (>99%) committed 
      Class space:        1.00 GB reserved,      11.95 MB (  1%) committed 
             Both:        1.08 GB reserved,      89.20 MB (  8%) committed 

Chunk freelists:
   Non-Class:  21.00 KB
       Class:  3.00 KB
        Both:  24.00 KB

MaxMetaspaceSize: 17179869184.00 GB
CompressedClassSpaceSize: 1.00 GB

CodeHeap 'non-profiled nmethods': size=120064Kb used=4538Kb max_used=4538Kb free=115525Kb
 bounds [0x0000026cebcb0000, 0x0000026cec120000, 0x0000026cf31f0000]
CodeHeap 'profiled nmethods': size=120000Kb used=21193Kb max_used=21193Kb free=98806Kb
 bounds [0x0000026ce4780000, 0x0000026ce5c40000, 0x0000026cebcb0000]
CodeHeap 'non-nmethods': size=5696Kb used=2277Kb max_used=2318Kb free=3418Kb
 bounds [0x0000026ce41f0000, 0x0000026ce4460000, 0x0000026ce4780000]
 total_blobs=11311 nmethods=10419 adapters=804
 compilation: enabled
              stopped_count=0, restarted_count=0
 full_count=0

Compilation events (20 events):
Event: 60.462 Thread 0x0000026cfac80800 10649       3       kotlin.text.StringsKt__StringsKt::substringAfterLast (71 bytes)
Event: 60.466 Thread 0x0000026cfac80800 nmethod 10649 0x0000026ce5c13e90 code [0x0000026ce5c14220, 0x0000026ce5c154a8]
Event: 60.469 Thread 0x0000026cfac80800 10650   !   3       kotlin.reflect.jvm.internal.impl.metadata.ProtoBuf$Type::<init> (875 bytes)
Event: 60.491 Thread 0x0000026cfac80800 nmethod 10650 0x0000026ce5c15c10 code [0x0000026ce5c164c0, 0x0000026ce5c1c738]
Event: 60.499 Thread 0x0000026cfac80800 10651       3       kotlin.reflect.jvm.internal.impl.metadata.ProtoBuf$Class::getSupertype (14 bytes)
Event: 60.499 Thread 0x0000026cfac80800 nmethod 10651 0x0000026ce5c1ea90 code [0x0000026ce5c1ec60, 0x0000026ce5c1ef08]
Event: 60.503 Thread 0x0000026cfac80800 10652       1       kotlin.reflect.jvm.internal.impl.metadata.ProtoBuf$Type$Argument::getType (5 bytes)
Event: 60.503 Thread 0x0000026cfac80800 nmethod 10652 0x0000026cec11e810 code [0x0000026cec11e9c0, 0x0000026cec11ea78]
Event: 60.512 Thread 0x0000026cfac80800 10654       3       kotlin.reflect.jvm.internal.impl.protobuf.FieldSet::isInitialized (133 bytes)
Event: 60.514 Thread 0x0000026cfac80800 nmethod 10654 0x0000026ce5c1f010 code [0x0000026ce5c1f2e0, 0x0000026ce5c20468]
Event: 60.540 Thread 0x0000026cfac80800 10655       3       kotlin.text.StringsKt__StringsJVMKt::replace$default (17 bytes)
Event: 60.541 Thread 0x0000026cfac80800 nmethod 10655 0x0000026ce5c20810 code [0x0000026ce5c209c0, 0x0000026ce5c20b08]
Event: 60.548 Thread 0x0000026cfac80800 10656   !   3       kotlin.reflect.jvm.internal.impl.storage.LockBasedStorageManager$MapBasedMemoizedFunction::invoke (356 bytes)
Event: 60.553 Thread 0x0000026cfac80800 nmethod 10656 0x0000026ce5c20c10 code [0x0000026ce5c21120, 0x0000026ce5c231a8]
Event: 60.562 Thread 0x0000026cfac80800 10657   !   3       kotlin.reflect.jvm.internal.impl.storage.LockBasedStorageManager$LockBasedLazyValue::invoke (257 bytes)
Event: 60.566 Thread 0x0000026cfac80800 nmethod 10657 0x0000026ce5c24390 code [0x0000026ce5c24720, 0x0000026ce5c25ba8]
Event: 60.602 Thread 0x0000026cfac80800 10658       3       kotlin.reflect.jvm.internal.impl.load.kotlin.header.ReadKotlinClassHeaderAnnotationVisitor$KotlinMetadataArgumentVisitor::visitArray (43 bytes)
Event: 60.604 Thread 0x0000026cfac80800 nmethod 10658 0x0000026ce5c26490 code [0x0000026ce5c26740, 0x0000026ce5c27478]
Event: 60.633 Thread 0x0000026cfac80800 10659       3       java.lang.Class::getSimpleBinaryName (23 bytes)
Event: 60.634 Thread 0x0000026cfac80800 nmethod 10659 0x0000026ce5c27890 code [0x0000026ce5c27aa0, 0x0000026ce5c27f18]

GC Heap History (20 events):
Event: 44.851 GC heap before
{Heap before GC invocations=32 (full 0):
 garbage-first heap   total 133120K, used 99037K [0x0000000080000000, 0x0000000100000000)
  region size 1024K, 42 young (43008K), 4 survivors (4096K)
 Metaspace       used 78875K, capacity 80700K, committed 80972K, reserved 1120256K
  class space    used 10127K, capacity 10778K, committed 10828K, reserved 1048576K
}
Event: 44.884 GC heap after
{Heap after GC invocations=33 (full 0):
 garbage-first heap   total 133120K, used 64391K [0x0000000080000000, 0x0000000100000000)
  region size 1024K, 6 young (6144K), 6 survivors (6144K)
 Metaspace       used 78875K, capacity 80700K, committed 80972K, reserved 1120256K
  class space    used 10127K, capacity 10778K, committed 10828K, reserved 1048576K
}
Event: 47.933 GC heap before
{Heap before GC invocations=33 (full 0):
 garbage-first heap   total 133120K, used 102279K [0x0000000080000000, 0x0000000100000000)
  region size 1024K, 43 young (44032K), 6 survivors (6144K)
 Metaspace       used 81302K, capacity 83255K, committed 83532K, reserved 1122304K
  class space    used 10509K, capacity 11227K, committed 11340K, reserved 1048576K
}
Event: 47.963 GC heap after
{Heap after GC invocations=34 (full 0):
 garbage-first heap   total 133120K, used 67584K [0x0000000080000000, 0x0000000100000000)
  region size 1024K, 3 young (3072K), 3 survivors (3072K)
 Metaspace       used 81302K, capacity 83255K, committed 83532K, reserved 1122304K
  class space    used 10509K, capacity 11227K, committed 11340K, reserved 1048576K
}
Event: 50.305 GC heap before
{Heap before GC invocations=34 (full 0):
 garbage-first heap   total 133120K, used 98304K [0x0000000080000000, 0x0000000100000000)
  region size 1024K, 35 young (35840K), 3 survivors (3072K)
 Metaspace       used 82038K, capacity 84072K, committed 84428K, reserved 1122304K
  class space    used 10595K, capacity 11360K, committed 11468K, reserved 1048576K
}
Event: 50.329 GC heap after
{Heap after GC invocations=35 (full 0):
 garbage-first heap   total 133120K, used 69911K [0x0000000080000000, 0x0000000100000000)
  region size 1024K, 3 young (3072K), 3 survivors (3072K)
 Metaspace       used 82038K, capacity 84072K, committed 84428K, reserved 1122304K
  class space    used 10595K, capacity 11360K, committed 11468K, reserved 1048576K
}
Event: 52.336 GC heap before
{Heap before GC invocations=36 (full 0):
 garbage-first heap   total 133120K, used 108823K [0x0000000080000000, 0x0000000100000000)
  region size 1024K, 39 young (39936K), 3 survivors (3072K)
 Metaspace       used 83105K, capacity 85218K, committed 85580K, reserved 1124352K
  class space    used 10703K, capacity 11465K, committed 11596K, reserved 1048576K
}
Event: 52.402 GC heap after
{Heap after GC invocations=37 (full 0):
 garbage-first heap   total 159744K, used 85606K [0x0000000080000000, 0x0000000100000000)
  region size 1024K, 5 young (5120K), 5 survivors (5120K)
 Metaspace       used 83105K, capacity 85218K, committed 85580K, reserved 1124352K
  class space    used 10703K, capacity 11465K, committed 11596K, reserved 1048576K
}
Event: 52.459 GC heap before
{Heap before GC invocations=37 (full 0):
 garbage-first heap   total 159744K, used 85606K [0x0000000080000000, 0x0000000100000000)
  region size 1024K, 7 young (7168K), 5 survivors (5120K)
 Metaspace       used 83119K, capacity 85218K, committed 85580K, reserved 1124352K
  class space    used 10703K, capacity 11465K, committed 11596K, reserved 1048576K
}
Event: 52.491 GC heap after
{Heap after GC invocations=38 (full 0):
 garbage-first heap   total 159744K, used 87770K [0x0000000080000000, 0x0000000100000000)
  region size 1024K, 2 young (2048K), 2 survivors (2048K)
 Metaspace       used 83119K, capacity 85218K, committed 85580K, reserved 1124352K
  class space    used 10703K, capacity 11465K, committed 11596K, reserved 1048576K
}
Event: 54.535 GC heap before
{Heap before GC invocations=39 (full 0):
 garbage-first heap   total 159744K, used 125658K [0x0000000080000000, 0x0000000100000000)
  region size 1024K, 25 young (25600K), 2 survivors (2048K)
 Metaspace       used 84883K, capacity 86851K, committed 87244K, reserved 1124352K
  class space    used 10866K, capacity 11611K, committed 11724K, reserved 1048576K
}
Event: 54.549 GC heap after
{Heap after GC invocations=40 (full 0):
 garbage-first heap   total 159744K, used 87916K [0x0000000080000000, 0x0000000100000000)
  region size 1024K, 2 young (2048K), 2 survivors (2048K)
 Metaspace       used 84883K, capacity 86851K, committed 87244K, reserved 1124352K
  class space    used 10866K, capacity 11611K, committed 11724K, reserved 1048576K
}
Event: 55.840 GC heap before
{Heap before GC invocations=40 (full 0):
 garbage-first heap   total 159744K, used 113516K [0x0000000080000000, 0x0000000100000000)
  region size 1024K, 28 young (28672K), 2 survivors (2048K)
 Metaspace       used 85278K, capacity 87210K, committed 87500K, reserved 1124352K
  class space    used 10888K, capacity 11623K, committed 11724K, reserved 1048576K
}
Event: 55.858 GC heap after
{Heap after GC invocations=41 (full 0):
 garbage-first heap   total 159744K, used 89660K [0x0000000080000000, 0x0000000100000000)
  region size 1024K, 4 young (4096K), 4 survivors (4096K)
 Metaspace       used 85278K, capacity 87210K, committed 87500K, reserved 1124352K
  class space    used 10888K, capacity 11623K, committed 11724K, reserved 1048576K
}
Event: 57.082 GC heap before
{Heap before GC invocations=42 (full 0):
 garbage-first heap   total 159744K, used 116284K [0x0000000080000000, 0x0000000100000000)
  region size 1024K, 31 young (31744K), 4 survivors (4096K)
 Metaspace       used 86301K, capacity 88406K, committed 88652K, reserved 1126400K
  class space    used 11028K, capacity 11799K, committed 11852K, reserved 1048576K
}
Event: 57.107 GC heap after
{Heap after GC invocations=43 (full 0):
 garbage-first heap   total 159744K, used 91099K [0x0000000080000000, 0x0000000100000000)
  region size 1024K, 4 young (4096K), 4 survivors (4096K)
 Metaspace       used 86301K, capacity 88406K, committed 88652K, reserved 1126400K
  class space    used 11028K, capacity 11799K, committed 11852K, reserved 1048576K
}
Event: 57.229 GC heap before
{Heap before GC invocations=43 (full 0):
 garbage-first heap   total 159744K, used 93147K [0x0000000080000000, 0x0000000100000000)
  region size 1024K, 7 young (7168K), 4 survivors (4096K)
 Metaspace       used 86448K, capacity 88577K, committed 88652K, reserved 1126400K
  class space    used 11045K, capacity 11831K, committed 11852K, reserved 1048576K
}
Event: 57.255 GC heap after
{Heap after GC invocations=44 (full 0):
 garbage-first heap   total 159744K, used 88593K [0x0000000080000000, 0x0000000100000000)
  region size 1024K, 1 young (1024K), 1 survivors (1024K)
 Metaspace       used 86448K, capacity 88577K, committed 88652K, reserved 1126400K
  class space    used 11045K, capacity 11831K, committed 11852K, reserved 1048576K
}
Event: 58.572 GC heap before
{Heap before GC invocations=44 (full 0):
 garbage-first heap   total 159744K, used 119313K [0x0000000080000000, 0x0000000100000000)
  region size 1024K, 32 young (32768K), 1 survivors (1024K)
 Metaspace       used 87649K, capacity 89746K, committed 89804K, reserved 1126400K
  class space    used 11192K, capacity 11961K, committed 11980K, reserved 1048576K
}
Event: 58.590 GC heap after
{Heap after GC invocations=45 (full 0):
 garbage-first heap   total 192512K, used 89300K [0x0000000080000000, 0x0000000100000000)
  region size 1024K, 2 young (2048K), 2 survivors (2048K)
 Metaspace       used 87649K, capacity 89746K, committed 89804K, reserved 1126400K
  class space    used 11192K, capacity 11961K, committed 11980K, reserved 1048576K
}

Deoptimization events (20 events):
Event: 57.366 Thread 0x0000026cfce56800 DEOPT PACKING pc=0x0000026ce582b6d5 sp=0x000000a0f73fdc00
Event: 57.366 Thread 0x0000026cfce56800 DEOPT UNPACKING pc=0x0000026ce4216abf sp=0x000000a0f73fd120 mode 0
Event: 57.398 Thread 0x0000026cfce56800 DEOPT PACKING pc=0x0000026ce5524444 sp=0x000000a0f73fd410
Event: 57.398 Thread 0x0000026cfce56800 DEOPT UNPACKING pc=0x0000026ce4216abf sp=0x000000a0f73fc9b0 mode 0
Event: 57.670 Thread 0x0000026cfddc8800 DEOPT PACKING pc=0x0000026ce553e37e sp=0x000000a0f7cfacc0
Event: 57.670 Thread 0x0000026cfddc8800 DEOPT UNPACKING pc=0x0000026ce4216abf sp=0x000000a0f7cfa1d8 mode 0
Event: 57.811 Thread 0x0000026cfce56800 DEOPT PACKING pc=0x0000026ce5524444 sp=0x000000a0f73fd2e0
Event: 57.811 Thread 0x0000026cfce56800 DEOPT UNPACKING pc=0x0000026ce4216abf sp=0x000000a0f73fc880 mode 0
Event: 58.148 Thread 0x0000026cfce4d800 DEOPT PACKING pc=0x0000026ce5524444 sp=0x000000a0f72fbd90
Event: 58.148 Thread 0x0000026cfce4d800 DEOPT UNPACKING pc=0x0000026ce4216abf sp=0x000000a0f72fb330 mode 0
Event: 58.727 Thread 0x0000026cfce52800 DEOPT PACKING pc=0x0000026ce5524444 sp=0x000000a0f70fbe60
Event: 58.727 Thread 0x0000026cfce52800 DEOPT UNPACKING pc=0x0000026ce4216abf sp=0x000000a0f70fb400 mode 0
Event: 58.847 Thread 0x0000026cfddc8800 DEOPT PACKING pc=0x0000026ce50c8696 sp=0x000000a0f7cfaf20
Event: 58.847 Thread 0x0000026cfddc8800 DEOPT UNPACKING pc=0x0000026ce4216abf sp=0x000000a0f7cfa3e0 mode 0
Event: 59.158 Thread 0x0000026cfce56800 DEOPT PACKING pc=0x0000026ce4fdc5e9 sp=0x000000a0f73fd560
Event: 59.158 Thread 0x0000026cfce56800 DEOPT UNPACKING pc=0x0000026ce4216abf sp=0x000000a0f73fca88 mode 0
Event: 59.252 Thread 0x0000026cfce56800 DEOPT PACKING pc=0x0000026ce5524444 sp=0x000000a0f73fd760
Event: 59.253 Thread 0x0000026cfce56800 DEOPT UNPACKING pc=0x0000026ce4216abf sp=0x000000a0f73fcd00 mode 0
Event: 59.677 Thread 0x0000026cfddca000 DEOPT PACKING pc=0x0000026ce582b6d5 sp=0x000000a0f7ffb3f0
Event: 59.677 Thread 0x0000026cfddca000 DEOPT UNPACKING pc=0x0000026ce4216abf sp=0x000000a0f7ffa910 mode 0

Classes redefined (0 events):
No events

Internal exceptions (20 events):
Event: 45.540 Thread 0x0000026cfd16c000 Exception <a 'java/lang/NoSuchMethodError'{0x0000000087856710}: <clinit>> (0x0000000087856710) thrown at [./src/hotspot/share/prims/jni.cpp, line 1362]
Event: 45.670 Thread 0x0000026cfddc6800 Exception <a 'java/lang/NoSuchMethodError'{0x00000000877353d8}: 'java.lang.Object java.lang.invoke.Invokers$Holder.linkToTargetMethod(java.lang.Object, java.lang.Object, java.lang.Object, int, java.lang.Object, java.lang.Object)'> (0x00000000877353d8) thrown at [./src/hotspot/share/interpreter/linkResolver.cpp, line 773]
Event: 45.706 Thread 0x0000026cfddc6800 Exception <a 'java/lang/IncompatibleClassChangeError'{0x0000000087795418}: Found class java.lang.Object, but interface was expected> (0x0000000087795418) thrown at [./src/hotspot/share/interpreter/linkResolver.cpp, line 839]
Event: 45.797 Thread 0x0000026cfddc6800 Exception <a 'java/lang/NoSuchMethodError'{0x0000000087554a40}: 'int java.lang.invoke.DirectMethodHandle$Holder.invokeStaticInit(java.lang.Object, java.lang.Object, java.lang.Object, java.lang.Object, java.lang.Object)'> (0x0000000087554a40) thrown at [./src/hotspot/share/interpreter/linkResolver.cpp, line 773]
Event: 46.783 Thread 0x0000026cfce53000 Exception <a 'java/lang/NoSuchMethodError'{0x000000008690a940}: 'java.lang.Object java.lang.invoke.DirectMethodHandle$Holder.invokeSpecialIFC(java.lang.Object, java.lang.Object, java.lang.Object)'> (0x000000008690a940) thrown at [./src/hotspot/share/interpreter/linkResolver.cpp, line 773]
Event: 46.784 Thread 0x0000026cfce56800 Exception <a 'java/lang/NoSuchMethodError'{0x0000000086ae8528}: 'java.lang.Object java.lang.invoke.DirectMethodHandle$Holder.invokeSpecialIFC(java.lang.Object, java.lang.Object, java.lang.Object)'> (0x0000000086ae8528) thrown at [./src/hotspot/share/interpreter/linkResolver.cpp, line 773]
Event: 48.495 Thread 0x0000026cfce53000 Exception <a 'java/lang/NoSuchMethodError'{0x0000000087a60688}: 'void java.lang.invoke.DirectMethodHandle$Holder.invokeVirtual(java.lang.Object, java.lang.Object)'> (0x0000000087a60688) thrown at [./src/hotspot/share/interpreter/linkResolver.cpp, line 773]
Event: 51.481 Thread 0x0000026cfc1b4000 Implicit null exception at 0x0000026cec09fb4f to 0x0000026cec0a0418
Event: 52.870 Thread 0x0000026cfc1b4000 Exception <a 'java/lang/NoSuchMethodError'{0x000000008965b490}: <clinit>> (0x000000008965b490) thrown at [./src/hotspot/share/prims/jni.cpp, line 1362]
Event: 52.889 Thread 0x0000026cfc1b4000 Exception <a 'java/lang/NoSuchMethodError'{0x0000000089693fd8}: <clinit>> (0x0000000089693fd8) thrown at [./src/hotspot/share/prims/jni.cpp, line 1362]
Event: 54.524 Thread 0x0000026cfc1b4000 Exception <a 'java/lang/NoSuchMethodError'{0x0000000088348df0}: 'void java.lang.invoke.DirectMethodHandle$Holder.invokeStatic(java.lang.Object, java.lang.Object, java.lang.Object, java.lang.Object, java.lang.Object, java.lang.Object, java.lang.Object)'> (0x0000000088348df0) thrown at [./src/hotspot/share/interpreter/linkResolver.cpp, line 773]
Event: 55.815 Thread 0x0000026cfc1b4000 Exception <a 'java/lang/NoSuchMethodError'{0x000000008808d750}: <clinit>> (0x000000008808d750) thrown at [./src/hotspot/share/prims/jni.cpp, line 1362]
Event: 55.816 Thread 0x0000026cfc1b4000 Exception <a 'java/lang/NoSuchMethodError'{0x000000008808f510}: <clinit>> (0x000000008808f510) thrown at [./src/hotspot/share/prims/jni.cpp, line 1362]
Event: 55.816 Thread 0x0000026cfc1b4000 Exception <a 'java/lang/NoSuchMethodError'{0x0000000088092468}: <clinit>> (0x0000000088092468) thrown at [./src/hotspot/share/prims/jni.cpp, line 1362]
Event: 55.828 Thread 0x0000026cfc1b4000 Exception <a 'java/lang/NoSuchMethodError'{0x00000000880b8550}: <clinit>> (0x00000000880b8550) thrown at [./src/hotspot/share/prims/jni.cpp, line 1362]
Event: 55.828 Thread 0x0000026cfc1b4000 Exception <a 'java/lang/NoSuchMethodError'{0x00000000880ba228}: <clinit>> (0x00000000880ba228) thrown at [./src/hotspot/share/prims/jni.cpp, line 1362]
Event: 55.961 Thread 0x0000026cfc1b4000 Exception <a 'java/lang/NoSuchMethodError'{0x0000000089ac5190}: <clinit>> (0x0000000089ac5190) thrown at [./src/hotspot/share/prims/jni.cpp, line 1362]
Event: 55.975 Thread 0x0000026cfc1b4000 Exception <a 'java/lang/NoSuchMethodError'{0x0000000089900fa8}: <clinit>> (0x0000000089900fa8) thrown at [./src/hotspot/share/prims/jni.cpp, line 1362]
Event: 55.978 Thread 0x0000026cfc1b4000 Exception <a 'java/lang/NoSuchMethodError'{0x000000008991a298}: <clinit>> (0x000000008991a298) thrown at [./src/hotspot/share/prims/jni.cpp, line 1362]
Event: 56.826 Thread 0x0000026cfddc8800 Exception <a 'java/lang/NoSuchMethodError'{0x000000008883c4b8}: 'int java.lang.invoke.DirectMethodHandle$Holder.invokeSpecial(java.lang.Object, java.lang.Object, java.lang.Object, java.lang.Object, java.lang.Object)'> (0x000000008883c4b8) thrown at [./src/hotspot/share/interpreter/linkResolver.cpp, line 773]

Events (20 events):
Event: 59.853 loading class kotlin/reflect/jvm/internal/impl/serialization/deserialization/descriptors/DeserializedMemberScope$OptimizedImplementation$variableNames$2
Event: 59.853 loading class kotlin/reflect/jvm/internal/impl/serialization/deserialization/descriptors/DeserializedMemberScope$OptimizedImplementation$variableNames$2 done
Event: 59.855 loading class kotlin/reflect/jvm/internal/impl/serialization/deserialization/descriptors/DeserializedMemberScope$classNames$2
Event: 59.855 loading class kotlin/reflect/jvm/internal/impl/serialization/deserialization/descriptors/DeserializedMemberScope$classNames$2 done
Event: 59.857 loading class kotlin/reflect/jvm/internal/impl/serialization/deserialization/descriptors/DeserializedMemberScope$classifierNamesLazy$2
Event: 59.857 loading class kotlin/reflect/jvm/internal/impl/serialization/deserialization/descriptors/DeserializedMemberScope$classifierNamesLazy$2 done
Event: 59.859 loading class kotlin/reflect/jvm/internal/impl/serialization/deserialization/descriptors/DeserializedClassDescriptor$DeserializedClassMemberScope$allDescriptors$1
Event: 59.859 loading class kotlin/reflect/jvm/internal/impl/serialization/deserialization/descriptors/DeserializedClassDescriptor$DeserializedClassMemberScope$allDescriptors$1 done
Event: 59.862 loading class kotlin/reflect/jvm/internal/impl/serialization/deserialization/descriptors/DeserializedClassDescriptor$DeserializedClassMemberScope$refinedSupertypes$1
Event: 59.862 loading class kotlin/reflect/jvm/internal/impl/serialization/deserialization/descriptors/DeserializedClassDescriptor$DeserializedClassMemberScope$refinedSupertypes$1 done
Event: 59.879 loading class com/android/build/api/artifact/SingleArtifact$PUBLIC_ANDROID_RESOURCES_LIST
Event: 59.879 loading class com/android/build/api/artifact/SingleArtifact$PUBLIC_ANDROID_RESOURCES_LIST done
Event: 59.881 loading class kotlin/reflect/jvm/internal/UtilKt
Event: 59.881 loading class kotlin/reflect/jvm/internal/UtilKt done
Event: 59.891 loading class kotlin/reflect/jvm/internal/impl/resolve/scopes/InnerClassesScopeWrapper
Event: 59.891 loading class kotlin/reflect/jvm/internal/impl/resolve/scopes/InnerClassesScopeWrapper done
Event: 59.901 loading class kotlin/reflect/jvm/internal/impl/serialization/deserialization/descriptors/NonEmptyDeserializedAnnotations
Event: 59.901 loading class kotlin/reflect/jvm/internal/impl/serialization/deserialization/descriptors/NonEmptyDeserializedAnnotations done
Event: 59.902 loading class kotlin/reflect/jvm/internal/impl/serialization/deserialization/descriptors/DeserializedClassDescriptor$annotations$1
Event: 59.902 loading class kotlin/reflect/jvm/internal/impl/serialization/deserialization/descriptors/DeserializedClassDescriptor$annotations$1 done


Dynamic libraries:
0x00007ff677460000 - 0x00007ff67746a000 	C:\Program Files\Android\Android Studio\jre\bin\java.exe
0x00007ffcd3070000 - 0x00007ffcd3265000 	C:\Windows\SYSTEM32\ntdll.dll
0x00007ffcd2370000 - 0x00007ffcd242e000 	C:\Windows\System32\KERNEL32.DLL
0x00007ffcd0d60000 - 0x00007ffcd1029000 	C:\Windows\System32\KERNELBASE.dll
0x00007ffcd0ab0000 - 0x00007ffcd0bb0000 	C:\Windows\System32\ucrtbase.dll
0x00007ffcca790000 - 0x00007ffcca7a7000 	C:\Program Files\Android\Android Studio\jre\bin\VCRUNTIME140.dll
0x00007ffcca710000 - 0x00007ffcca729000 	C:\Program Files\Android\Android Studio\jre\bin\jli.dll
0x00007ffcd1510000 - 0x00007ffcd16b1000 	C:\Windows\System32\USER32.dll
0x00007ffcd08a0000 - 0x00007ffcd08c2000 	C:\Windows\System32\win32u.dll
0x00007ffcd1f10000 - 0x00007ffcd1f3b000 	C:\Windows\System32\GDI32.dll
0x00007ffcd0900000 - 0x00007ffcd0a0b000 	C:\Windows\System32\gdi32full.dll
0x00007ffcd0a10000 - 0x00007ffcd0aad000 	C:\Windows\System32\msvcp_win.dll
0x00007ffcc14c0000 - 0x00007ffcc175a000 	C:\Windows\WinSxS\amd64_microsoft.windows.common-controls_6595b64144ccf1df_6.0.19041.1110_none_60b5254171f9507e\COMCTL32.dll
0x00007ffcd2b80000 - 0x00007ffcd2c1e000 	C:\Windows\System32\msvcrt.dll
0x00007ffcd1450000 - 0x00007ffcd1480000 	C:\Windows\System32\IMM32.DLL
0x00007ffcbb880000 - 0x00007ffcbb91d000 	C:\Program Files\Android\Android Studio\jre\bin\msvcp140.dll
0x00007ffc9b3e0000 - 0x00007ffc9beaf000 	C:\Program Files\Android\Android Studio\jre\bin\server\jvm.dll
0x00007ffcd1f40000 - 0x00007ffcd1fec000 	C:\Windows\System32\ADVAPI32.dll
0x00007ffcd1d30000 - 0x00007ffcd1dcb000 	C:\Windows\System32\sechost.dll
0x00007ffcd1ff0000 - 0x00007ffcd211a000 	C:\Windows\System32\RPCRT4.dll
0x00007ffcd1d20000 - 0x00007ffcd1d28000 	C:\Windows\System32\PSAPI.DLL
0x00007ffccabb0000 - 0x00007ffccabb9000 	C:\Windows\SYSTEM32\WSOCK32.dll
0x00007ffcb2570000 - 0x00007ffcb2597000 	C:\Windows\SYSTEM32\WINMM.dll
0x00007ffcc1220000 - 0x00007ffcc122a000 	C:\Windows\SYSTEM32\VERSION.dll
0x00007ffcd2140000 - 0x00007ffcd21ab000 	C:\Windows\System32\WS2_32.dll
0x00007ffccf010000 - 0x00007ffccf022000 	C:\Windows\SYSTEM32\kernel.appcore.dll
0x00007ffcc23e0000 - 0x00007ffcc23f1000 	C:\Program Files\Android\Android Studio\jre\bin\verify.dll
0x00007ffcceca0000 - 0x00007ffccee84000 	C:\Windows\SYSTEM32\DBGHELP.DLL
0x00007ffcbda80000 - 0x00007ffcbdaac000 	C:\Windows\SYSTEM32\dbgcore.DLL
0x00007ffcd1030000 - 0x00007ffcd10b3000 	C:\Windows\System32\bcryptPrimitives.dll
0x00007ffcba070000 - 0x00007ffcba099000 	C:\Program Files\Android\Android Studio\jre\bin\java.dll
0x00007ffcc9fc0000 - 0x00007ffcc9fcb000 	C:\Program Files\Android\Android Studio\jre\bin\jimage.dll
0x00007ffcc23c0000 - 0x00007ffcc23d8000 	C:\Program Files\Android\Android Studio\jre\bin\zip.dll
0x00007ffcd2440000 - 0x00007ffcd2b7f000 	C:\Windows\System32\SHELL32.dll
0x00007ffcce3f0000 - 0x00007ffcceb80000 	C:\Windows\SYSTEM32\windows.storage.dll
0x00007ffcd2cd0000 - 0x00007ffcd3025000 	C:\Windows\System32\combase.dll
0x00007ffcd0110000 - 0x00007ffcd013c000 	C:\Windows\SYSTEM32\Wldp.dll
0x00007ffcd1340000 - 0x00007ffcd13ed000 	C:\Windows\System32\SHCORE.dll
0x00007ffcd13f0000 - 0x00007ffcd1445000 	C:\Windows\System32\shlwapi.dll
0x00007ffcd06d0000 - 0x00007ffcd06ef000 	C:\Windows\SYSTEM32\profapi.dll
0x00007ffcbd7a0000 - 0x00007ffcbd7ba000 	C:\Program Files\Android\Android Studio\jre\bin\net.dll
0x00007ffcc1230000 - 0x00007ffcc1338000 	C:\Windows\SYSTEM32\WINHTTP.dll
0x00007ffccfe70000 - 0x00007ffccfeda000 	C:\Windows\system32\mswsock.dll
0x00007ffcbd5c0000 - 0x00007ffcbd5d4000 	C:\Program Files\Android\Android Studio\jre\bin\nio.dll
0x00007ffccc3d0000 - 0x00007ffccc3f7000 	C:\Users\paco_\.gradle\native\8bec1ad78214c89d9ad589b4d07fe93259594b29d510b10fafb7a158f7737e5d\windows-amd64\native-platform.dll
0x00007ffcaebd0000 - 0x00007ffcaed0d000 	C:\Users\paco_\.gradle\native\53dbd7edfb1c66fb8903c78663c9afc45aea4f116125fa6feffd364cf09443e8\windows-amd64\native-platform-file-events.dll
0x00007ffcc8890000 - 0x00007ffcc889a000 	C:\Program Files\Android\Android Studio\jre\bin\management.dll
0x00007ffcc7f40000 - 0x00007ffcc7f4c000 	C:\Program Files\Android\Android Studio\jre\bin\management_ext.dll
0x00007ffcd0060000 - 0x00007ffcd0078000 	C:\Windows\SYSTEM32\CRYPTSP.dll
0x00007ffccf7f0000 - 0x00007ffccf824000 	C:\Windows\system32\rsaenh.dll
0x00007ffcd08d0000 - 0x00007ffcd08f7000 	C:\Windows\System32\bcrypt.dll
0x00007ffcd0650000 - 0x00007ffcd067e000 	C:\Windows\SYSTEM32\USERENV.dll
0x00007ffcd0080000 - 0x00007ffcd008c000 	C:\Windows\SYSTEM32\CRYPTBASE.dll
0x00007ffccfb60000 - 0x00007ffccfb9b000 	C:\Windows\SYSTEM32\IPHLPAPI.DLL
0x00007ffcd2430000 - 0x00007ffcd2438000 	C:\Windows\System32\NSI.dll
0x00007ffcc3880000 - 0x00007ffcc3897000 	C:\Windows\SYSTEM32\dhcpcsvc6.DLL
0x00007ffcc3950000 - 0x00007ffcc396d000 	C:\Windows\SYSTEM32\dhcpcsvc.DLL
0x00007ffccfba0000 - 0x00007ffccfc6c000 	C:\Windows\SYSTEM32\DNSAPI.dll

dbghelp: loaded successfully - version: 4.0.5 - missing functions: none
symbol engine: initialized successfully - sym options: 0x614 - pdb path: .;C:\Program Files\Android\Android Studio\jre\bin;C:\Windows\SYSTEM32;C:\Windows\WinSxS\amd64_microsoft.windows.common-controls_6595b64144ccf1df_6.0.19041.1110_none_60b5254171f9507e;C:\Program Files\Android\Android Studio\jre\bin\server;C:\Users\paco_\.gradle\native\8bec1ad78214c89d9ad589b4d07fe93259594b29d510b10fafb7a158f7737e5d\windows-amd64;C:\Users\paco_\.gradle\native\53dbd7edfb1c66fb8903c78663c9afc45aea4f116125fa6feffd364cf09443e8\windows-amd64

VM Arguments:
jvm_args: --add-opens=java.base/java.util=ALL-UNNAMED --add-opens=java.base/java.lang=ALL-UNNAMED --add-opens=java.base/java.lang.invoke=ALL-UNNAMED --add-opens=java.base/java.util=ALL-UNNAMED --add-opens=java.prefs/java.util.prefs=ALL-UNNAMED --add-opens=java.prefs/java.util.prefs=ALL-UNNAMED --add-opens=java.base/java.nio.charset=ALL-UNNAMED --add-opens=java.base/java.net=ALL-UNNAMED --add-opens=java.base/java.util.concurrent.atomic=ALL-UNNAMED -Xmx2048m -Dfile.encoding=UTF-8 -Duser.country=MX -Duser.language=es -Duser.variant 
java_command: org.gradle.launcher.daemon.bootstrap.GradleDaemon 7.0.2
java_class_path (initial): C:\Users\paco_\.gradle\wrapper\dists\gradle-7.0.2-bin\857tjihv64xamwrf0h14cai3r\gradle-7.0.2\lib\gradle-launcher-7.0.2.jar
Launcher Type: SUN_STANDARD

[Global flags]
     intx CICompilerCount                          = 3                                         {product} {ergonomic}
     uint ConcGCThreads                            = 1                                         {product} {ergonomic}
     uint G1ConcRefinementThreads                  = 4                                         {product} {ergonomic}
   size_t G1HeapRegionSize                         = 1048576                                   {product} {ergonomic}
    uintx GCDrainStackTargetSize                   = 64                                        {product} {ergonomic}
   size_t InitialHeapSize                          = 65011712                                  {product} {ergonomic}
   size_t MarkStackSize                            = 4194304                                   {product} {ergonomic}
   size_t MaxHeapSize                              = 2147483648                                {product} {command line}
   size_t MaxNewSize                               = 1287651328                                {product} {ergonomic}
   size_t MinHeapDeltaBytes                        = 1048576                                   {product} {ergonomic}
    uintx NonNMethodCodeHeapSize                   = 5830732                                {pd product} {ergonomic}
    uintx NonProfiledCodeHeapSize                  = 122913754                              {pd product} {ergonomic}
    uintx ProfiledCodeHeapSize                     = 122913754                              {pd product} {ergonomic}
    uintx ReservedCodeCacheSize                    = 251658240                              {pd product} {ergonomic}
     bool SegmentedCodeCache                       = true                                      {product} {ergonomic}
     bool UseCompressedClassPointers               = true                                 {lp64_product} {ergonomic}
     bool UseCompressedOops                        = true                                 {lp64_product} {ergonomic}
     bool UseG1GC                                  = true                                      {product} {ergonomic}
     bool UseLargePagesIndividualAllocation        = false                                  {pd product} {ergonomic}

Logging:
Log output configuration:
 #0: stdout all=warning uptime,level,tags
 #1: stderr all=off uptime,level,tags

Environment Variables:
JAVA_HOME=C:\Program Files\Java\jdk1.8.0_202
PATH=C:\app\paco_\product\21c\dbhomeXE\bin;C:\Program Files\Microsoft MPI\Bin\;C:\Program Files (x86)\Common Files\Oracle\Java\javapath;C:\Windows\system32;C:\Windows;C:\Windows\System32\Wbem;C:\Windows\System32\WindowsPowerShell\v1.0\;C:\Windows\System32\OpenSSH\;C:\Program Files\Microsoft SQL Server\Client SDK\ODBC\170\Tools\Binn\;C:\Program Files (x86)\Microsoft SQL Server\150\Tools\Binn\;C:\Program Files\Microsoft SQL Server\150\Tools\Binn\;C:\Program Files\Microsoft SQL Server\150\DTS\Binn\;C:\Program Files (x86)\Microsoft SQL Server\150\DTS\Binn\;C:\Program Files\Azure Data Studio\bin;C:\Program Files\Java\jdk1.8.0_202\bin;D:\flutter\bin;D:\SDK\tools;D:\SDK\platform-tools;C:\Program Files\Git\cmd;C:\Users\paco_\AppData\Local\Programs\Python\Python39\Scripts\;C:\Users\paco_\AppData\Local\Programs\Python\Python39\;C:\Users\paco_\AppData\Local\Microsoft\WindowsApps;C:\Users\paco_\AppData\Local\Programs\Microsoft VS Code\bin
USERNAME=paco_
OS=Windows_NT
PROCESSOR_IDENTIFIER=Intel64 Family 6 Model 76 Stepping 4, GenuineIntel



---------------  S Y S T E M  ---------------

OS: Windows 10 , 64 bit Build 19041 (10.0.19041.1202)
OS uptime: 10 days 11:58 hours

CPU:total 4 (initial active 4) (4 cores per cpu, 1 threads per core) family 6 model 76 stepping 4 microcode 0x411, cmov, cx8, fxsr, mmx, sse, sse2, sse3, ssse3, sse4.1, sse4.2, popcnt, aes, clmul, erms, 3dnowpref, tsc, tscinvbit

Memory: 4k page, system-wide physical 3922M (302M free)
TotalPageFile size 6694M (AvailPageFile size 5M)
current process WorkingSet (physical memory assigned to process): 401M, peak: 401M
current process commit charge ("private bytes"): 452M, peak: 453M

vm_info: OpenJDK 64-Bit Server VM (11.0.10+0-b96-7249189) for windows-amd64 JRE (11.0.10+0-b96-7249189), built on Mar 31 2021 21:44:00 by "builder" with MS VC++ 14.0 (VS2015)

END.
