#
# There is insufficient memory for the Java Runtime Environment to continue.
# Native memory allocation (malloc) failed to allocate 32744 bytes for ChunkPool::allocate
# Possible reasons:
#   The system is out of physical RAM or swap space
#   The process is running with CompressedOops enabled, and the Java Heap may be blocking the growth of the native heap
# Possible solutions:
#   Reduce memory load on the system
#   Increase physical memory or swap space
#   Check if swap backing store is full
#   Decrease Java heap size (-Xmx/-Xms)
#   Decrease number of Java threads
#   Decrease Java thread stack sizes (-Xss)
#   Set larger code cache with -XX:ReservedCodeCacheSize=
#   JVM is running with Unscaled Compressed Oops mode in which the Java heap is
#     placed in the first 4GB address space. The Java Heap base address is the
#     maximum limit for the native heap growth. Please use -XX:HeapBaseMinAddress
#     to set the Java Heap base and to place the Java Heap above 4GB virtual address.
# This output file may be truncated or incomplete.
#
#  Out of Memory Error (./src/hotspot/share/memory/arena.cpp:81), pid=15696, tid=5556
#
# JRE version: OpenJDK Runtime Environment (11.0.10) (build 11.0.10+0-b96-7249189)
# Java VM: OpenJDK 64-Bit Server VM (11.0.10+0-b96-7249189, mixed mode, tiered, compressed oops, g1 gc, windows-amd64)
# No core dump will be written. Minidumps are not enabled by default on client versions of Windows
#

---------------  S U M M A R Y ------------

Command Line: --add-opens=java.base/java.util=ALL-UNNAMED --add-opens=java.base/java.lang=ALL-UNNAMED --add-opens=java.base/java.lang.invoke=ALL-UNNAMED --add-opens=java.base/java.util=ALL-UNNAMED --add-opens=java.prefs/java.util.prefs=ALL-UNNAMED --add-opens=java.prefs/java.util.prefs=ALL-UNNAMED --add-opens=java.base/java.nio.charset=ALL-UNNAMED --add-opens=java.base/java.net=ALL-UNNAMED --add-opens=java.base/java.util.concurrent.atomic=ALL-UNNAMED -Xmx2048m -Dfile.encoding=UTF-8 -Duser.country=MX -Duser.language=es -Duser.variant org.gradle.launcher.daemon.bootstrap.GradleDaemon 7.0.2

Host: Intel(R) Pentium(R) CPU  N3710  @ 1.60GHz, 4 cores, 3G,  Windows 10 , 64 bit Build 19041 (10.0.19041.1202)
Time: Thu Nov  4 22:31:32 2021 Hora estándar central (México) elapsed time: 587.509336 seconds (0d 0h 9m 47s)

---------------  T H R E A D  ---------------

Current thread (0x000002a5dcd60800):  JavaThread "C2 CompilerThread0" daemon [_thread_in_native, id=5556, stack(0x000000ce0f600000,0x000000ce0f700000)]


Current CompileTask:
C2: 587509 14170       4       org.gradle.internal.snapshot.RelativePathTracker::toRelativePath (163 bytes)

Stack: [0x000000ce0f600000,0x000000ce0f700000]
Native frames: (J=compiled Java code, j=interpreted, Vv=VM code, C=native code)
V  [jvm.dll+0x5ecfaa]
V  [jvm.dll+0x722bd5]
V  [jvm.dll+0x72412d]
V  [jvm.dll+0x7247e3]
V  [jvm.dll+0x242928]
V  [jvm.dll+0xbc75b]
V  [jvm.dll+0xbca0c]
V  [jvm.dll+0x2b5024]
V  [jvm.dll+0x506028]
V  [jvm.dll+0x203253]
V  [jvm.dll+0x1fd07c]
V  [jvm.dll+0x1fa77f]
V  [jvm.dll+0x18354c]
V  [jvm.dll+0x208ee7]
V  [jvm.dll+0x207731]
V  [jvm.dll+0x6eb1cf]
V  [jvm.dll+0x6e3d45]
V  [jvm.dll+0x5ebe96]
C  [ucrtbase.dll+0x21bb2]
C  [KERNEL32.DLL+0x17034]
C  [ntdll.dll+0x52651]


---------------  P R O C E S S  ---------------

Threads class SMR info:
_java_thread_list=0x000002a5de3527e0, length=53, elements={
0x000002a5c315e000, 0x000002a5dccf5800, 0x000002a5dccf7000, 0x000002a5dcd53800,
0x000002a5dcd56000, 0x000002a5dcd57800, 0x000002a5dcd60800, 0x000002a5dcd63000,
0x000002a5dcd77000, 0x000002a5dd7f0000, 0x000002a5df741800, 0x000002a5dec33800,
0x000002a5dfac1800, 0x000002a5dfa05800, 0x000002a5dfa03000, 0x000002a5dfa06800,
0x000002a5dfa04000, 0x000002a5dfa00800, 0x000002a5e188f800, 0x000002a5e1892000,
0x000002a5e1894800, 0x000002a5e1895800, 0x000002a5e1896000, 0x000002a5e1894000,
0x000002a5e189a800, 0x000002a5e24e5000, 0x000002a5e24e6000, 0x000002a5ddc46800,
0x000002a5ddc49800, 0x000002a5ddc4c000, 0x000002a5ddc4d000, 0x000002a5ddc49000,
0x000002a5ddc4a800, 0x000002a5ddc4b000, 0x000002a5ddc47000, 0x000002a5ddc4d800,
0x000002a5ddc48000, 0x000002a5ddc50000, 0x000002a5ddc53800, 0x000002a5ddc54000,
0x000002a5ddc4e800, 0x000002a5ddc52000, 0x000002a5ddc52800, 0x000002a5ddc4f800,
0x000002a5ddc55000, 0x000002a5ddc51000, 0x000002a5de34b800, 0x000002a5e188e000,
0x000002a5e1890800, 0x000002a5e1898800, 0x000002a5e1897000, 0x000002a5e1898000,
0x000002a5e1893000
}

Java Threads: ( => current thread )
  0x000002a5c315e000 JavaThread "main" [_thread_blocked, id=14920, stack(0x000000ce0ea00000,0x000000ce0eb00000)]
  0x000002a5dccf5800 JavaThread "Reference Handler" daemon [_thread_blocked, id=1716, stack(0x000000ce0f100000,0x000000ce0f200000)]
  0x000002a5dccf7000 JavaThread "Finalizer" daemon [_thread_blocked, id=8968, stack(0x000000ce0f200000,0x000000ce0f300000)]
  0x000002a5dcd53800 JavaThread "Signal Dispatcher" daemon [_thread_blocked, id=1124, stack(0x000000ce0f300000,0x000000ce0f400000)]
  0x000002a5dcd56000 JavaThread "Attach Listener" daemon [_thread_blocked, id=13508, stack(0x000000ce0f400000,0x000000ce0f500000)]
  0x000002a5dcd57800 JavaThread "Service Thread" daemon [_thread_blocked, id=6464, stack(0x000000ce0f500000,0x000000ce0f600000)]
=>0x000002a5dcd60800 JavaThread "C2 CompilerThread0" daemon [_thread_in_native, id=5556, stack(0x000000ce0f600000,0x000000ce0f700000)]
  0x000002a5dcd63000 JavaThread "C1 CompilerThread0" daemon [_thread_blocked, id=18408, stack(0x000000ce0f700000,0x000000ce0f800000)]
  0x000002a5dcd77000 JavaThread "Sweeper thread" daemon [_thread_blocked, id=6164, stack(0x000000ce0f800000,0x000000ce0f900000)]
  0x000002a5dd7f0000 JavaThread "Common-Cleaner" daemon [_thread_blocked, id=11992, stack(0x000000ce0f900000,0x000000ce0fa00000)]
  0x000002a5df741800 JavaThread "Daemon health stats" [_thread_blocked, id=13404, stack(0x000000ce0fc00000,0x000000ce0fd00000)]
  0x000002a5dec33800 JavaThread "Incoming local TCP Connector on port 60448" [_thread_in_native, id=17060, stack(0x000000ce0fd00000,0x000000ce0fe00000)]
  0x000002a5dfac1800 JavaThread "Daemon periodic checks" [_thread_blocked, id=13856, stack(0x000000ce0fe00000,0x000000ce0ff00000)]
  0x000002a5dfa05800 JavaThread "Cache worker for file hash cache (C:\Users\paco_\.gradle\caches\7.0.2\fileHashes)" [_thread_blocked, id=1324, stack(0x000000ce10800000,0x000000ce10900000)]
  0x000002a5dfa03000 JavaThread "File lock request listener" [_thread_in_native, id=9220, stack(0x000000ce10900000,0x000000ce10a00000)]
  0x000002a5dfa06800 JavaThread "Cache worker for journal cache (C:\Users\paco_\.gradle\caches\journal-1)" [_thread_blocked, id=6096, stack(0x000000ce10a00000,0x000000ce10b00000)]
  0x000002a5dfa04000 JavaThread "File watcher server" daemon [_thread_in_native, id=9900, stack(0x000000ce10c00000,0x000000ce10d00000)]
  0x000002a5dfa00800 JavaThread "File watcher consumer" daemon [_thread_blocked, id=15044, stack(0x000000ce10d00000,0x000000ce10e00000)]
  0x000002a5e188f800 JavaThread "Cache worker for execution history cache (C:\Users\paco_\.gradle\caches\7.0.2\executionHistory)" [_thread_blocked, id=15892, stack(0x000000ce11100000,0x000000ce11200000)]
  0x000002a5e1892000 JavaThread "jar transforms" [_thread_blocked, id=4156, stack(0x000000ce11200000,0x000000ce11300000)]
  0x000002a5e1894800 JavaThread "jar transforms Thread 2" [_thread_blocked, id=14612, stack(0x000000ce11300000,0x000000ce11400000)]
  0x000002a5e1895800 JavaThread "Cache worker for file content cache (C:\Users\paco_\.gradle\caches\7.0.2\fileContent)" [_thread_blocked, id=14388, stack(0x000000ce11400000,0x000000ce11500000)]
  0x000002a5e1896000 JavaThread "jar transforms Thread 3" [_thread_blocked, id=6388, stack(0x000000ce11600000,0x000000ce11700000)]
  0x000002a5e1894000 JavaThread "jar transforms Thread 4" [_thread_blocked, id=7916, stack(0x000000ce11c00000,0x000000ce11d00000)]
  0x000002a5e189a800 JavaThread "Memory manager" [_thread_blocked, id=15792, stack(0x000000ce11d00000,0x000000ce11e00000)]
  0x000002a5e24e5000 JavaThread "pool-3-thread-1" [_thread_blocked, id=5056, stack(0x000000ce12100000,0x000000ce12200000)]
  0x000002a5e24e6000 JavaThread "Cache worker for Java compile cache (C:\Users\paco_\.gradle\caches\7.0.2\javaCompile)" [_thread_blocked, id=8328, stack(0x000000ce12700000,0x000000ce12800000)]
  0x000002a5ddc46800 JavaThread "ForkJoinPool.commonPool-worker-7" daemon [_thread_blocked, id=15484, stack(0x000000ce0e900000,0x000000ce0ea00000)]
  0x000002a5ddc49800 JavaThread "Daemon Thread 2" [_thread_blocked, id=12684, stack(0x000000ce0e700000,0x000000ce0e800000)]
  0x000002a5ddc4c000 JavaThread "Handler for socket connection from /127.0.0.1:60448 to /127.0.0.1:59428" [_thread_in_native, id=12936, stack(0x000000ce0e800000,0x000000ce0e900000)]
  0x000002a5ddc4d000 JavaThread "Cancel handler" [_thread_blocked, id=6732, stack(0x000000ce10000000,0x000000ce10100000)]
  0x000002a5ddc49000 JavaThread "Daemon worker Thread 2" [_thread_blocked, id=9596, stack(0x000000ce0ff00000,0x000000ce10000000)]
  0x000002a5ddc4a800 JavaThread "Asynchronous log dispatcher for DefaultDaemonConnection: socket connection from /127.0.0.1:60448 to /127.0.0.1:59428" [_thread_blocked, id=17004, stack(0x000000ce10100000,0x000000ce10200000)]
  0x000002a5ddc4b000 JavaThread "Stdin handler" [_thread_blocked, id=14324, stack(0x000000ce10200000,0x000000ce10300000)]
  0x000002a5ddc47000 JavaThread "Daemon client event forwarder" [_thread_blocked, id=14228, stack(0x000000ce10300000,0x000000ce10400000)]
  0x000002a5ddc4d800 JavaThread "Cache worker for file hash cache (C:\Users\paco_\Documents\Proyectos\Android\CantosCoro\.gradle\7.0.2\fileHashes)" [_thread_blocked, id=18212, stack(0x000000ce10400000,0x000000ce10500000)]
  0x000002a5ddc48000 JavaThread "Cache worker for checksums cache (C:\Users\paco_\Documents\Proyectos\Android\CantosCoro\.gradle\checksums)" [_thread_blocked, id=11384, stack(0x000000ce10b00000,0x000000ce10c00000)]
  0x000002a5ddc50000 JavaThread "Cache worker for cache directory md-supplier (C:\Users\paco_\.gradle\caches\7.0.2\md-supplier)" [_thread_blocked, id=9932, stack(0x000000ce10e00000,0x000000ce10f00000)]
  0x000002a5ddc53800 JavaThread "Cache worker for cache directory md-rule (C:\Users\paco_\.gradle\caches\7.0.2\md-rule)" [_thread_blocked, id=16536, stack(0x000000ce10f00000,0x000000ce11000000)]
  0x000002a5ddc54000 JavaThread "Cache worker for dependencies-accessors (C:\Users\paco_\Documents\Proyectos\Android\CantosCoro\.gradle\7.0.2\dependencies-accessors)" [_thread_blocked, id=17404, stack(0x000000ce11000000,0x000000ce11100000)]
  0x000002a5ddc4e800 JavaThread "Cache worker for Build Output Cleanup Cache (C:\Users\paco_\Documents\Proyectos\Android\CantosCoro\.gradle\buildOutputCleanup)" [_thread_blocked, id=16564, stack(0x000000ce11500000,0x000000ce11600000)]
  0x000002a5ddc52000 JavaThread "Build operations" [_thread_blocked, id=16764, stack(0x000000ce11700000,0x000000ce11800000)]
  0x000002a5ddc52800 JavaThread "Build operations Thread 2" [_thread_blocked, id=13532, stack(0x000000ce11800000,0x000000ce11900000)]
  0x000002a5ddc4f800 JavaThread "Build operations Thread 3" [_thread_blocked, id=4488, stack(0x000000ce11900000,0x000000ce11a00000)]
  0x000002a5ddc55000 JavaThread "Build operations Thread 4" [_thread_blocked, id=6700, stack(0x000000ce11a00000,0x000000ce11b00000)]
  0x000002a5ddc51000 JavaThread "build event listener" [_thread_blocked, id=6896, stack(0x000000ce10500000,0x000000ce10600000)]
  0x000002a5de34b800 JavaThread "C2 CompilerThread1" daemon [_thread_in_native, id=18164, stack(0x000000ce11b00000,0x000000ce11c00000)]
  0x000002a5e188e000 JavaThread "pool-7-thread-1" [_thread_blocked, id=16828, stack(0x000000ce11e00000,0x000000ce11f00000)]
  0x000002a5e1890800 JavaThread "build event listener" [_thread_blocked, id=3368, stack(0x000000ce11f00000,0x000000ce12000000)]
  0x000002a5e1898800 JavaThread "Execution worker for ':'" [_thread_blocked, id=17372, stack(0x000000ce12000000,0x000000ce12100000)]
  0x000002a5e1897000 JavaThread "Execution worker for ':' Thread 2" [_thread_in_vm, id=5564, stack(0x000000ce12200000,0x000000ce12300000)]
  0x000002a5e1898000 JavaThread "Execution worker for ':' Thread 3" [_thread_blocked, id=13964, stack(0x000000ce12300000,0x000000ce12400000)]
  0x000002a5e1893000 JavaThread "Cache worker for execution history cache (C:\Users\paco_\Documents\Proyectos\Android\CantosCoro\.gradle\7.0.2\executionHistory)" [_thread_blocked, id=16872, stack(0x000000ce12400000,0x000000ce12500000)]

Other Threads:
  0x000002a5dccf2800 VMThread "VM Thread" [stack: 0x000000ce0f000000,0x000000ce0f100000] [id=14140]
  0x000002a5dd825000 WatcherThread [stack: 0x000000ce0fa00000,0x000000ce0fb00000] [id=8804]
  0x000002a5c3177800 GCTaskThread "GC Thread#0" [stack: 0x000000ce0eb00000,0x000000ce0ec00000] [id=16936]
  0x000002a5de106000 GCTaskThread "GC Thread#1" [stack: 0x000000ce0fb00000,0x000000ce0fc00000] [id=4196]
  0x000002a5deed1800 GCTaskThread "GC Thread#2" [stack: 0x000000ce10600000,0x000000ce10700000] [id=7148]
  0x000002a5deed2000 GCTaskThread "GC Thread#3" [stack: 0x000000ce10700000,0x000000ce10800000] [id=14704]
  0x000002a5c31a7800 ConcurrentGCThread "G1 Main Marker" [stack: 0x000000ce0ec00000,0x000000ce0ed00000] [id=16920]
  0x000002a5c31aa000 ConcurrentGCThread "G1 Conc#0" [stack: 0x000000ce0ed00000,0x000000ce0ee00000] [id=13708]
  0x000002a5c3201800 ConcurrentGCThread "G1 Refine#0" [stack: 0x000000ce0ee00000,0x000000ce0ef00000] [id=17968]
  0x000002a5c3203000 ConcurrentGCThread "G1 Young RemSet Sampling" [stack: 0x000000ce0ef00000,0x000000ce0f000000] [id=14856]

Threads with active compile tasks:
C2 CompilerThread0 587593 14170       4       org.gradle.internal.snapshot.RelativePathTracker::toRelativePath (163 bytes)
C2 CompilerThread1 587594 13966   !   4       java.io.ObjectOutputStream::writeObject0 (619 bytes)

VM state:not at safepoint (normal execution)

VM Mutex/Monitor currently owned by a thread: None

Heap address: 0x0000000080000000, size: 2048 MB, Compressed Oops mode: 32-bit
Narrow klass base: 0x0000000000000000, Narrow klass shift: 3
Compressed class space size: 1073741824 Address: 0x0000000100000000

Heap:
 garbage-first heap   total 159744K, used 100348K [0x0000000080000000, 0x0000000100000000)
  region size 1024K, 21 young (21504K), 5 survivors (5120K)
 Metaspace       used 113724K, capacity 117106K, committed 117324K, reserved 1150976K
  class space    used 14809K, capacity 16111K, committed 16204K, reserved 1048576K
Heap Regions: E=young(eden), S=young(survivor), O=old, HS=humongous(starts), HC=humongous(continues), CS=collection set, F=free, A=archive, TAMS=top-at-mark-start (previous, next)
|   0|0x0000000080000000, 0x0000000080100000, 0x0000000080100000|100%| O|  |TAMS 0x0000000080100000, 0x0000000080000000| Untracked 
|   1|0x0000000080100000, 0x0000000080200000, 0x0000000080200000|100%| O|  |TAMS 0x0000000080200000, 0x0000000080100000| Untracked 
|   2|0x0000000080200000, 0x0000000080300000, 0x0000000080300000|100%| O|  |TAMS 0x0000000080300000, 0x0000000080200000| Untracked 
|   3|0x0000000080300000, 0x0000000080400000, 0x0000000080400000|100%|HS|  |TAMS 0x0000000080400000, 0x0000000080300000| Complete 
|   4|0x0000000080400000, 0x0000000080500000, 0x0000000080500000|100%|HC|  |TAMS 0x0000000080500000, 0x0000000080400000| Complete 
|   5|0x0000000080500000, 0x0000000080600000, 0x0000000080600000|100%|HC|  |TAMS 0x0000000080600000, 0x0000000080500000| Complete 
|   6|0x0000000080600000, 0x0000000080700000, 0x0000000080700000|100%| O|  |TAMS 0x0000000080700000, 0x0000000080600000| Untracked 
|   7|0x0000000080700000, 0x0000000080800000, 0x0000000080800000|100%| O|  |TAMS 0x0000000080800000, 0x0000000080700000| Untracked 
|   8|0x0000000080800000, 0x0000000080900000, 0x0000000080900000|100%| O|  |TAMS 0x0000000080900000, 0x0000000080800000| Untracked 
|   9|0x0000000080900000, 0x0000000080a00000, 0x0000000080a00000|100%| O|  |TAMS 0x0000000080a00000, 0x0000000080900000| Untracked 
|  10|0x0000000080a00000, 0x0000000080b00000, 0x0000000080b00000|100%| O|  |TAMS 0x0000000080b00000, 0x0000000080a00000| Untracked 
|  11|0x0000000080b00000, 0x0000000080c00000, 0x0000000080c00000|100%| O|  |TAMS 0x0000000080c00000, 0x0000000080b00000| Untracked 
|  12|0x0000000080c00000, 0x0000000080d00000, 0x0000000080d00000|100%| O|  |TAMS 0x0000000080d00000, 0x0000000080c00000| Untracked 
|  13|0x0000000080d00000, 0x0000000080e00000, 0x0000000080e00000|100%| O|  |TAMS 0x0000000080e00000, 0x0000000080d00000| Untracked 
|  14|0x0000000080e00000, 0x0000000080f00000, 0x0000000080f00000|100%| O|  |TAMS 0x0000000080f00000, 0x0000000080e00000| Untracked 
|  15|0x0000000080f00000, 0x0000000081000000, 0x0000000081000000|100%| O|  |TAMS 0x0000000081000000, 0x0000000080f00000| Untracked 
|  16|0x0000000081000000, 0x0000000081100000, 0x0000000081100000|100%| O|  |TAMS 0x0000000081100000, 0x0000000081000000| Untracked 
|  17|0x0000000081100000, 0x0000000081200000, 0x0000000081200000|100%| O|  |TAMS 0x0000000081200000, 0x0000000081100000| Untracked 
|  18|0x0000000081200000, 0x0000000081300000, 0x0000000081300000|100%| O|  |TAMS 0x0000000081300000, 0x0000000081200000| Untracked 
|  19|0x0000000081300000, 0x0000000081400000, 0x0000000081400000|100%| O|  |TAMS 0x0000000081400000, 0x0000000081300000| Untracked 
|  20|0x0000000081400000, 0x0000000081500000, 0x0000000081500000|100%| O|  |TAMS 0x0000000081500000, 0x0000000081400000| Untracked 
|  21|0x0000000081500000, 0x0000000081600000, 0x0000000081600000|100%| O|  |TAMS 0x0000000081600000, 0x0000000081500000| Untracked 
|  22|0x0000000081600000, 0x0000000081700000, 0x0000000081700000|100%| O|  |TAMS 0x0000000081700000, 0x0000000081600000| Untracked 
|  23|0x0000000081700000, 0x0000000081800000, 0x0000000081800000|100%| O|  |TAMS 0x0000000081800000, 0x0000000081700000| Untracked 
|  24|0x0000000081800000, 0x0000000081900000, 0x0000000081900000|100%| O|  |TAMS 0x0000000081900000, 0x0000000081800000| Untracked 
|  25|0x0000000081900000, 0x0000000081a00000, 0x0000000081a00000|100%| O|  |TAMS 0x0000000081a00000, 0x0000000081900000| Untracked 
|  26|0x0000000081a00000, 0x0000000081b00000, 0x0000000081b00000|100%| O|  |TAMS 0x0000000081b00000, 0x0000000081a00000| Untracked 
|  27|0x0000000081b00000, 0x0000000081c00000, 0x0000000081c00000|100%| O|  |TAMS 0x0000000081c00000, 0x0000000081b00000| Untracked 
|  28|0x0000000081c00000, 0x0000000081d00000, 0x0000000081d00000|100%|HS|  |TAMS 0x0000000081d00000, 0x0000000081c00000| Complete 
|  29|0x0000000081d00000, 0x0000000081e00000, 0x0000000081e00000|100%|HS|  |TAMS 0x0000000081e00000, 0x0000000081d00000| Complete 
|  30|0x0000000081e00000, 0x0000000081f00000, 0x0000000081f00000|100%|HS|  |TAMS 0x0000000081f00000, 0x0000000081e00000| Complete 
|  31|0x0000000081f00000, 0x0000000082000000, 0x0000000082000000|100%|HC|  |TAMS 0x0000000082000000, 0x0000000081f00000| Complete 
|  32|0x0000000082000000, 0x0000000082100000, 0x0000000082100000|100%| O|  |TAMS 0x0000000082100000, 0x0000000082000000| Untracked 
|  33|0x0000000082100000, 0x0000000082200000, 0x0000000082200000|100%| O|  |TAMS 0x0000000082200000, 0x0000000082100000| Untracked 
|  34|0x0000000082200000, 0x0000000082300000, 0x0000000082300000|100%| O|  |TAMS 0x0000000082300000, 0x0000000082200000| Untracked 
|  35|0x0000000082300000, 0x0000000082400000, 0x0000000082400000|100%| O|  |TAMS 0x0000000082400000, 0x0000000082300000| Untracked 
|  36|0x0000000082400000, 0x0000000082500000, 0x0000000082500000|100%| O|  |TAMS 0x0000000082500000, 0x0000000082400000| Untracked 
|  37|0x0000000082500000, 0x0000000082600000, 0x0000000082600000|100%| O|  |TAMS 0x0000000082600000, 0x0000000082500000| Untracked 
|  38|0x0000000082600000, 0x0000000082700000, 0x0000000082700000|100%| O|  |TAMS 0x0000000082700000, 0x0000000082600000| Untracked 
|  39|0x0000000082700000, 0x0000000082800000, 0x0000000082800000|100%| O|  |TAMS 0x0000000082800000, 0x0000000082700000| Untracked 
|  40|0x0000000082800000, 0x0000000082900000, 0x0000000082900000|100%| O|  |TAMS 0x0000000082900000, 0x0000000082800000| Untracked 
|  41|0x0000000082900000, 0x0000000082a00000, 0x0000000082a00000|100%| O|  |TAMS 0x0000000082a00000, 0x0000000082900000| Untracked 
|  42|0x0000000082a00000, 0x0000000082b00000, 0x0000000082b00000|100%| O|  |TAMS 0x0000000082b00000, 0x0000000082a00000| Untracked 
|  43|0x0000000082b00000, 0x0000000082c00000, 0x0000000082c00000|100%| O|  |TAMS 0x0000000082c00000, 0x0000000082b00000| Untracked 
|  44|0x0000000082c00000, 0x0000000082d00000, 0x0000000082d00000|100%| O|  |TAMS 0x0000000082d00000, 0x0000000082c00000| Untracked 
|  45|0x0000000082d00000, 0x0000000082e00000, 0x0000000082e00000|100%| O|  |TAMS 0x0000000082e00000, 0x0000000082d00000| Untracked 
|  46|0x0000000082e00000, 0x0000000082f00000, 0x0000000082f00000|100%| O|  |TAMS 0x0000000082f00000, 0x0000000082e00000| Untracked 
|  47|0x0000000082f00000, 0x0000000083000000, 0x0000000083000000|100%| O|  |TAMS 0x0000000083000000, 0x0000000082f00000| Untracked 
|  48|0x0000000083000000, 0x0000000083100000, 0x0000000083100000|100%| O|  |TAMS 0x0000000083100000, 0x0000000083000000| Untracked 
|  49|0x0000000083100000, 0x0000000083200000, 0x0000000083200000|100%| O|  |TAMS 0x0000000083200000, 0x0000000083100000| Untracked 
|  50|0x0000000083200000, 0x0000000083300000, 0x0000000083300000|100%| O|  |TAMS 0x0000000083300000, 0x0000000083200000| Untracked 
|  51|0x0000000083300000, 0x0000000083400000, 0x0000000083400000|100%| O|  |TAMS 0x0000000083400000, 0x0000000083300000| Untracked 
|  52|0x0000000083400000, 0x0000000083500000, 0x0000000083500000|100%| O|  |TAMS 0x0000000083500000, 0x0000000083400000| Untracked 
|  53|0x0000000083500000, 0x0000000083600000, 0x0000000083600000|100%| O|  |TAMS 0x0000000083600000, 0x0000000083500000| Untracked 
|  54|0x0000000083600000, 0x0000000083700000, 0x0000000083700000|100%| O|  |TAMS 0x0000000083700000, 0x0000000083600000| Untracked 
|  55|0x0000000083700000, 0x0000000083800000, 0x0000000083800000|100%| O|  |TAMS 0x0000000083800000, 0x0000000083700000| Untracked 
|  56|0x0000000083800000, 0x0000000083900000, 0x0000000083900000|100%| O|  |TAMS 0x0000000083900000, 0x0000000083800000| Untracked 
|  57|0x0000000083900000, 0x0000000083a00000, 0x0000000083a00000|100%| O|  |TAMS 0x0000000083a00000, 0x0000000083900000| Untracked 
|  58|0x0000000083a00000, 0x0000000083b00000, 0x0000000083b00000|100%| O|  |TAMS 0x0000000083b00000, 0x0000000083a00000| Untracked 
|  59|0x0000000083b00000, 0x0000000083c00000, 0x0000000083c00000|100%| O|  |TAMS 0x0000000083c00000, 0x0000000083b00000| Untracked 
|  60|0x0000000083c00000, 0x0000000083d00000, 0x0000000083d00000|100%| O|  |TAMS 0x0000000083d00000, 0x0000000083c00000| Untracked 
|  61|0x0000000083d00000, 0x0000000083e00000, 0x0000000083e00000|100%| O|  |TAMS 0x0000000083e00000, 0x0000000083d00000| Untracked 
|  62|0x0000000083e00000, 0x0000000083f00000, 0x0000000083f00000|100%| O|  |TAMS 0x0000000083f00000, 0x0000000083e00000| Untracked 
|  63|0x0000000083f00000, 0x0000000084000000, 0x0000000084000000|100%| O|  |TAMS 0x0000000084000000, 0x0000000083f00000| Untracked 
|  64|0x0000000084000000, 0x0000000084000000, 0x0000000084100000|  0%| F|  |TAMS 0x0000000084000000, 0x0000000084000000| Untracked 
|  65|0x0000000084100000, 0x0000000084100000, 0x0000000084200000|  0%| F|  |TAMS 0x0000000084100000, 0x0000000084100000| Untracked 
|  66|0x0000000084200000, 0x0000000084300000, 0x0000000084300000|100%| O|  |TAMS 0x0000000084300000, 0x0000000084200000| Untracked 
|  67|0x0000000084300000, 0x0000000084400000, 0x0000000084400000|100%| O|  |TAMS 0x0000000084400000, 0x0000000084300000| Untracked 
|  68|0x0000000084400000, 0x0000000084500000, 0x0000000084500000|100%| O|  |TAMS 0x0000000084500000, 0x0000000084400000| Untracked 
|  69|0x0000000084500000, 0x0000000084600000, 0x0000000084600000|100%| O|  |TAMS 0x0000000084600000, 0x0000000084500000| Untracked 
|  70|0x0000000084600000, 0x0000000084700000, 0x0000000084700000|100%| O|  |TAMS 0x0000000084700000, 0x0000000084600000| Untracked 
|  71|0x0000000084700000, 0x0000000084800000, 0x0000000084800000|100%| O|  |TAMS 0x0000000084800000, 0x0000000084700000| Untracked 
|  72|0x0000000084800000, 0x0000000084900000, 0x0000000084900000|100%| O|  |TAMS 0x0000000084900000, 0x0000000084800000| Untracked 
|  73|0x0000000084900000, 0x0000000084a00000, 0x0000000084a00000|100%| O|  |TAMS 0x0000000084a00000, 0x0000000084900000| Untracked 
|  74|0x0000000084a00000, 0x0000000084b00000, 0x0000000084b00000|100%| O|  |TAMS 0x0000000084b00000, 0x0000000084a00000| Untracked 
|  75|0x0000000084b00000, 0x0000000084c00000, 0x0000000084c00000|100%| O|  |TAMS 0x0000000084c00000, 0x0000000084b00000| Untracked 
|  76|0x0000000084c00000, 0x0000000084d00000, 0x0000000084d00000|100%| O|  |TAMS 0x0000000084d00000, 0x0000000084c00000| Untracked 
|  77|0x0000000084d00000, 0x0000000084e00000, 0x0000000084e00000|100%| O|  |TAMS 0x0000000084e00000, 0x0000000084d00000| Untracked 
|  78|0x0000000084e00000, 0x0000000084f00000, 0x0000000084f00000|100%| O|  |TAMS 0x0000000084e3c400, 0x0000000084e00000| Untracked 
|  79|0x0000000084f00000, 0x0000000084f00000, 0x0000000085000000|  0%| F|  |TAMS 0x0000000084f00000, 0x0000000084f00000| Untracked 
|  80|0x0000000085000000, 0x0000000085000000, 0x0000000085100000|  0%| F|  |TAMS 0x0000000085000000, 0x0000000085000000| Untracked 
|  81|0x0000000085100000, 0x0000000085100000, 0x0000000085200000|  0%| F|  |TAMS 0x0000000085100000, 0x0000000085100000| Untracked 
|  82|0x0000000085200000, 0x0000000085200000, 0x0000000085300000|  0%| F|  |TAMS 0x0000000085200000, 0x0000000085200000| Untracked 
|  83|0x0000000085300000, 0x0000000085300000, 0x0000000085400000|  0%| F|  |TAMS 0x0000000085300000, 0x0000000085300000| Untracked 
|  84|0x0000000085400000, 0x0000000085400000, 0x0000000085500000|  0%| F|  |TAMS 0x0000000085400000, 0x0000000085400000| Untracked 
|  85|0x0000000085500000, 0x0000000085600000, 0x0000000085600000|100%| O|  |TAMS 0x0000000085500000, 0x0000000085500000| Untracked 
|  86|0x0000000085600000, 0x0000000085700000, 0x0000000085700000|100%| O|  |TAMS 0x0000000085600000, 0x0000000085600000| Untracked 
|  87|0x0000000085700000, 0x0000000085745c00, 0x0000000085800000| 27%| O|  |TAMS 0x0000000085700000, 0x0000000085700000| Untracked 
|  88|0x0000000085800000, 0x0000000085800000, 0x0000000085900000|  0%| F|  |TAMS 0x0000000085800000, 0x0000000085800000| Untracked 
|  89|0x0000000085900000, 0x0000000085900000, 0x0000000085a00000|  0%| F|  |TAMS 0x0000000085900000, 0x0000000085900000| Untracked 
|  90|0x0000000085a00000, 0x0000000085a00000, 0x0000000085b00000|  0%| F|  |TAMS 0x0000000085a00000, 0x0000000085a00000| Untracked 
|  91|0x0000000085b00000, 0x0000000085b00000, 0x0000000085c00000|  0%| F|  |TAMS 0x0000000085b00000, 0x0000000085b00000| Untracked 
|  92|0x0000000085c00000, 0x0000000085c00000, 0x0000000085d00000|  0%| F|  |TAMS 0x0000000085c00000, 0x0000000085c00000| Untracked 
|  93|0x0000000085d00000, 0x0000000085d00000, 0x0000000085e00000|  0%| F|  |TAMS 0x0000000085d00000, 0x0000000085d00000| Untracked 
|  94|0x0000000085e00000, 0x0000000085e00000, 0x0000000085f00000|  0%| F|  |TAMS 0x0000000085e00000, 0x0000000085e00000| Untracked 
|  95|0x0000000085f00000, 0x0000000085f00000, 0x0000000086000000|  0%| F|  |TAMS 0x0000000085f00000, 0x0000000085f00000| Untracked 
|  96|0x0000000086000000, 0x0000000086000000, 0x0000000086100000|  0%| F|  |TAMS 0x0000000086000000, 0x0000000086000000| Untracked 
|  97|0x0000000086100000, 0x0000000086100000, 0x0000000086200000|  0%| F|  |TAMS 0x0000000086100000, 0x0000000086100000| Untracked 
|  98|0x0000000086200000, 0x0000000086200000, 0x0000000086300000|  0%| F|  |TAMS 0x0000000086200000, 0x0000000086200000| Untracked 
|  99|0x0000000086300000, 0x00000000863b97d8, 0x0000000086400000| 72%| S|CS|TAMS 0x0000000086300000, 0x0000000086300000| Complete 
| 100|0x0000000086400000, 0x0000000086500000, 0x0000000086500000|100%| S|CS|TAMS 0x0000000086400000, 0x0000000086400000| Complete 
| 101|0x0000000086500000, 0x0000000086600000, 0x0000000086600000|100%| S|CS|TAMS 0x0000000086500000, 0x0000000086500000| Complete 
| 102|0x0000000086600000, 0x0000000086700000, 0x0000000086700000|100%| S|CS|TAMS 0x0000000086600000, 0x0000000086600000| Complete 
| 103|0x0000000086700000, 0x0000000086800000, 0x0000000086800000|100%| S|CS|TAMS 0x0000000086700000, 0x0000000086700000| Complete 
| 104|0x0000000086800000, 0x0000000086800000, 0x0000000086900000|  0%| F|  |TAMS 0x0000000086800000, 0x0000000086800000| Untracked 
| 105|0x0000000086900000, 0x0000000086900000, 0x0000000086a00000|  0%| F|  |TAMS 0x0000000086900000, 0x0000000086900000| Untracked 
| 106|0x0000000086a00000, 0x0000000086a00000, 0x0000000086b00000|  0%| F|  |TAMS 0x0000000086a00000, 0x0000000086a00000| Untracked 
| 107|0x0000000086b00000, 0x0000000086b00000, 0x0000000086c00000|  0%| F|  |TAMS 0x0000000086b00000, 0x0000000086b00000| Untracked 
| 108|0x0000000086c00000, 0x0000000086c00000, 0x0000000086d00000|  0%| F|  |TAMS 0x0000000086c00000, 0x0000000086c00000| Untracked 
| 109|0x0000000086d00000, 0x0000000086d00000, 0x0000000086e00000|  0%| F|  |TAMS 0x0000000086d00000, 0x0000000086d00000| Untracked 
| 110|0x0000000086e00000, 0x0000000086e00000, 0x0000000086f00000|  0%| F|  |TAMS 0x0000000086e00000, 0x0000000086e00000| Untracked 
| 111|0x0000000086f00000, 0x0000000086f00000, 0x0000000087000000|  0%| F|  |TAMS 0x0000000086f00000, 0x0000000086f00000| Untracked 
| 112|0x0000000087000000, 0x0000000087000000, 0x0000000087100000|  0%| F|  |TAMS 0x0000000087000000, 0x0000000087000000| Untracked 
| 113|0x0000000087100000, 0x0000000087100000, 0x0000000087200000|  0%| F|  |TAMS 0x0000000087100000, 0x0000000087100000| Untracked 
| 114|0x0000000087200000, 0x0000000087200000, 0x0000000087300000|  0%| F|  |TAMS 0x0000000087200000, 0x0000000087200000| Untracked 
| 115|0x0000000087300000, 0x0000000087300000, 0x0000000087400000|  0%| F|  |TAMS 0x0000000087300000, 0x0000000087300000| Untracked 
| 116|0x0000000087400000, 0x0000000087400000, 0x0000000087500000|  0%| F|  |TAMS 0x0000000087400000, 0x0000000087400000| Untracked 
| 117|0x0000000087500000, 0x0000000087500000, 0x0000000087600000|  0%| F|  |TAMS 0x0000000087500000, 0x0000000087500000| Untracked 
| 118|0x0000000087600000, 0x0000000087600000, 0x0000000087700000|  0%| F|  |TAMS 0x0000000087600000, 0x0000000087600000| Untracked 
| 119|0x0000000087700000, 0x0000000087700000, 0x0000000087800000|  0%| F|  |TAMS 0x0000000087700000, 0x0000000087700000| Untracked 
| 120|0x0000000087800000, 0x0000000087800000, 0x0000000087900000|  0%| F|  |TAMS 0x0000000087800000, 0x0000000087800000| Untracked 
| 121|0x0000000087900000, 0x0000000087900000, 0x0000000087a00000|  0%| F|  |TAMS 0x0000000087900000, 0x0000000087900000| Untracked 
| 122|0x0000000087a00000, 0x0000000087a00000, 0x0000000087b00000|  0%| F|  |TAMS 0x0000000087a00000, 0x0000000087a00000| Untracked 
| 123|0x0000000087b00000, 0x0000000087b00000, 0x0000000087c00000|  0%| F|  |TAMS 0x0000000087b00000, 0x0000000087b00000| Untracked 
| 124|0x0000000087c00000, 0x0000000087c00000, 0x0000000087d00000|  0%| F|  |TAMS 0x0000000087c00000, 0x0000000087c00000| Untracked 
| 125|0x0000000087d00000, 0x0000000087d00000, 0x0000000087e00000|  0%| F|  |TAMS 0x0000000087d00000, 0x0000000087d00000| Untracked 
| 126|0x0000000087e00000, 0x0000000087e00000, 0x0000000087f00000|  0%| F|  |TAMS 0x0000000087e00000, 0x0000000087e00000| Untracked 
| 127|0x0000000087f00000, 0x0000000087f00000, 0x0000000088000000|  0%| F|  |TAMS 0x0000000087f00000, 0x0000000087f00000| Untracked 
| 128|0x0000000088000000, 0x0000000088000000, 0x0000000088100000|  0%| F|  |TAMS 0x0000000088000000, 0x0000000088000000| Untracked 
| 129|0x0000000088100000, 0x0000000088100000, 0x0000000088200000|  0%| F|  |TAMS 0x0000000088100000, 0x0000000088100000| Untracked 
| 130|0x0000000088200000, 0x0000000088200000, 0x0000000088300000|  0%| F|  |TAMS 0x0000000088200000, 0x0000000088200000| Untracked 
| 131|0x0000000088300000, 0x0000000088300000, 0x0000000088400000|  0%| F|  |TAMS 0x0000000088300000, 0x0000000088300000| Untracked 
| 132|0x0000000088400000, 0x0000000088400000, 0x0000000088500000|  0%| F|  |TAMS 0x0000000088400000, 0x0000000088400000| Untracked 
| 133|0x0000000088500000, 0x0000000088500000, 0x0000000088600000|  0%| F|  |TAMS 0x0000000088500000, 0x0000000088500000| Untracked 
| 134|0x0000000088600000, 0x0000000088600000, 0x0000000088700000|  0%| F|  |TAMS 0x0000000088600000, 0x0000000088600000| Untracked 
| 135|0x0000000088700000, 0x0000000088700000, 0x0000000088800000|  0%| F|  |TAMS 0x0000000088700000, 0x0000000088700000| Untracked 
| 136|0x0000000088800000, 0x0000000088800000, 0x0000000088900000|  0%| F|  |TAMS 0x0000000088800000, 0x0000000088800000| Untracked 
| 137|0x0000000088900000, 0x0000000088900000, 0x0000000088a00000|  0%| F|  |TAMS 0x0000000088900000, 0x0000000088900000| Untracked 
| 138|0x0000000088a00000, 0x0000000088a00000, 0x0000000088b00000|  0%| F|  |TAMS 0x0000000088a00000, 0x0000000088a00000| Untracked 
| 139|0x0000000088b00000, 0x0000000088b00000, 0x0000000088c00000|  0%| F|  |TAMS 0x0000000088b00000, 0x0000000088b00000| Untracked 
| 140|0x0000000088c00000, 0x0000000088cba428, 0x0000000088d00000| 72%| E|  |TAMS 0x0000000088c00000, 0x0000000088c00000| Complete 
| 141|0x0000000088d00000, 0x0000000088e00000, 0x0000000088e00000|100%| E|CS|TAMS 0x0000000088d00000, 0x0000000088d00000| Complete 
| 142|0x0000000088e00000, 0x0000000088f00000, 0x0000000088f00000|100%| E|  |TAMS 0x0000000088e00000, 0x0000000088e00000| Complete 
| 143|0x0000000088f00000, 0x0000000089000000, 0x0000000089000000|100%| E|CS|TAMS 0x0000000088f00000, 0x0000000088f00000| Complete 
| 144|0x0000000089000000, 0x0000000089100000, 0x0000000089100000|100%| E|CS|TAMS 0x0000000089000000, 0x0000000089000000| Complete 
| 145|0x0000000089100000, 0x0000000089200000, 0x0000000089200000|100%| E|CS|TAMS 0x0000000089100000, 0x0000000089100000| Complete 
| 146|0x0000000089200000, 0x0000000089300000, 0x0000000089300000|100%| E|CS|TAMS 0x0000000089200000, 0x0000000089200000| Complete 
| 147|0x0000000089300000, 0x0000000089400000, 0x0000000089400000|100%| E|CS|TAMS 0x0000000089300000, 0x0000000089300000| Complete 
| 148|0x0000000089400000, 0x0000000089500000, 0x0000000089500000|100%| E|CS|TAMS 0x0000000089400000, 0x0000000089400000| Complete 
| 149|0x0000000089500000, 0x0000000089600000, 0x0000000089600000|100%| E|CS|TAMS 0x0000000089500000, 0x0000000089500000| Complete 
| 150|0x0000000089600000, 0x0000000089700000, 0x0000000089700000|100%| E|CS|TAMS 0x0000000089600000, 0x0000000089600000| Complete 
| 151|0x0000000089700000, 0x0000000089800000, 0x0000000089800000|100%| E|CS|TAMS 0x0000000089700000, 0x0000000089700000| Complete 
| 152|0x0000000089800000, 0x0000000089900000, 0x0000000089900000|100%| E|CS|TAMS 0x0000000089800000, 0x0000000089800000| Complete 
| 153|0x0000000089900000, 0x0000000089a00000, 0x0000000089a00000|100%| E|CS|TAMS 0x0000000089900000, 0x0000000089900000| Complete 
| 154|0x0000000089a00000, 0x0000000089b00000, 0x0000000089b00000|100%| E|CS|TAMS 0x0000000089a00000, 0x0000000089a00000| Complete 
| 155|0x0000000089b00000, 0x0000000089c00000, 0x0000000089c00000|100%| E|CS|TAMS 0x0000000089b00000, 0x0000000089b00000| Complete 

Card table byte_map: [0x000002a5d6050000,0x000002a5d6450000] _byte_map_base: 0x000002a5d5c50000

Marking Bits (Prev, Next): (CMBitMap*) 0x000002a5c319ea98, (CMBitMap*) 0x000002a5c319ead0
 Prev Bits: [0x000002a5d6850000, 0x000002a5d8850000)
 Next Bits: [0x000002a5d8850000, 0x000002a5da850000)

Polling page: 0x000002a5c0ff0000

Metaspace:

Usage:
  Non-class:     98.63 MB capacity,    96.60 MB ( 98%) used,     1.64 MB (  2%) free+waste,   401.63 KB ( <1%) overhead. 
      Class:     15.73 MB capacity,    14.46 MB ( 92%) used,     1.09 MB (  7%) free+waste,   187.56 KB (  1%) overhead. 
       Both:    114.36 MB capacity,   111.06 MB ( 97%) used,     2.73 MB (  2%) free+waste,   589.19 KB ( <1%) overhead. 

Virtual space:
  Non-class space:      100.00 MB reserved,      98.75 MB ( 99%) committed 
      Class space:        1.00 GB reserved,      15.82 MB (  2%) committed 
             Both:        1.10 GB reserved,     114.57 MB ( 10%) committed 

Chunk freelists:
   Non-Class:  0 bytes
       Class:  0 bytes
        Both:  0 bytes

MaxMetaspaceSize: 17179869184.00 GB
CompressedClassSpaceSize: 1.00 GB

CodeHeap 'non-profiled nmethods': size=120064Kb used=6333Kb max_used=6333Kb free=113730Kb
 bounds [0x000002a5ce710000, 0x000002a5ced40000, 0x000002a5d5c50000]
CodeHeap 'profiled nmethods': size=120000Kb used=27970Kb max_used=27970Kb free=92029Kb
 bounds [0x000002a5c71e0000, 0x000002a5c8d40000, 0x000002a5ce710000]
CodeHeap 'non-nmethods': size=5696Kb used=2322Kb max_used=2378Kb free=3374Kb
 bounds [0x000002a5c6c50000, 0x000002a5c6ec0000, 0x000002a5c71e0000]
 total_blobs=14781 nmethods=13831 adapters=862
 compilation: enabled
              stopped_count=0, restarted_count=0
 full_count=0

Compilation events (20 events):
Event: 587.392 Thread 0x000002a5dcd60800 nmethod 14162 0x000002a5ced3de10 code [0x000002a5ced3e020, 0x000002a5ced3e978]
Event: 587.393 Thread 0x000002a5dcd60800 14170       4       org.gradle.internal.snapshot.RelativePathTracker::toRelativePath (163 bytes)
Event: 587.394 Thread 0x000002a5dcd63000 14171       3       org.gradle.internal.fingerprint.impl.DefaultFileSystemLocationFingerprint::hashForType (73 bytes)
Event: 587.396 Thread 0x000002a5dcd63000 nmethod 14171 0x000002a5c8d27590 code [0x000002a5c8d27820, 0x000002a5c8d282f8]
Event: 587.396 Thread 0x000002a5dcd63000 14173       3       org.gradle.internal.snapshot.DirectorySnapshot$$Lambda$896/0x0000000100af7040::accept (20 bytes)
Event: 587.397 Thread 0x000002a5dcd63000 nmethod 14173 0x000002a5c8d28710 code [0x000002a5c8d288e0, 0x000002a5c8d28d08]
Event: 587.397 Thread 0x000002a5dcd63000 14174   !   3       org.gradle.internal.snapshot.DirectorySnapshot::accept (141 bytes)
Event: 587.400 Thread 0x000002a5dcd63000 nmethod 14174 0x000002a5c8d28e90 code [0x000002a5c8d291c0, 0x000002a5c8d2a918]
Event: 587.416 Thread 0x000002a5dcd63000 14176   !   3       java.nio.file.Files::walkFileTree (294 bytes)
Event: 587.423 Thread 0x000002a5dcd63000 nmethod 14176 0x000002a5c8d2b110 code [0x000002a5c8d2b4e0, 0x000002a5c8d2d1d8]
Event: 587.426 Thread 0x000002a5dcd63000 14177       3       org.gradle.internal.snapshot.AbstractListChildMap::invalidate (72 bytes)
Event: 587.430 Thread 0x000002a5dcd63000 nmethod 14177 0x000002a5c8d2de90 code [0x000002a5c8d2e1a0, 0x000002a5c8d2f4e8]
Event: 587.449 Thread 0x000002a5dcd63000 14178       1       org.gradle.internal.fingerprint.impl.AbsolutePathFingerprintingStrategy::access$000 (5 bytes)
Event: 587.449 Thread 0x000002a5dcd63000 nmethod 14178 0x000002a5ced3f010 code [0x000002a5ced3f1c0, 0x000002a5ced3f258]
Event: 587.450 Thread 0x000002a5dcd63000 14179       3       com.google.common.collect.AbstractIterator::<init> (12 bytes)
Event: 587.451 Thread 0x000002a5dcd63000 nmethod 14179 0x000002a5c8d2fb90 code [0x000002a5c8d2fd60, 0x000002a5c8d2ff98]
Event: 587.451 Thread 0x000002a5dcd63000 14180       3       com.google.common.collect.Iterators::filter (20 bytes)
Event: 587.452 Thread 0x000002a5dcd63000 nmethod 14180 0x000002a5c8d30090 code [0x000002a5c8d302a0, 0x000002a5c8d30938]
Event: 587.453 Thread 0x000002a5dcd63000 14181       1       org.gradle.internal.fingerprint.impl.DefaultFileSystemLocationFingerprint::getNormalizedContentHash (5 bytes)
Event: 587.453 Thread 0x000002a5dcd63000 nmethod 14181 0x000002a5ced3f310 code [0x000002a5ced3f4c0, 0x000002a5ced3f578]

GC Heap History (20 events):
Event: 41.260 GC heap before
{Heap before GC invocations=35 (full 0):
 garbage-first heap   total 133120K, used 100095K [0x0000000080000000, 0x0000000100000000)
  region size 1024K, 44 young (45056K), 6 survivors (6144K)
 Metaspace       used 81352K, capacity 83344K, committed 83532K, reserved 1122304K
  class space    used 10506K, capacity 11231K, committed 11340K, reserved 1048576K
}
Event: 41.290 GC heap after
{Heap after GC invocations=36 (full 0):
 garbage-first heap   total 133120K, used 65469K [0x0000000080000000, 0x0000000100000000)
  region size 1024K, 3 young (3072K), 3 survivors (3072K)
 Metaspace       used 81352K, capacity 83344K, committed 83532K, reserved 1122304K
  class space    used 10506K, capacity 11231K, committed 11340K, reserved 1048576K
}
Event: 43.907 GC heap before
{Heap before GC invocations=36 (full 0):
 garbage-first heap   total 133120K, used 103357K [0x0000000080000000, 0x0000000100000000)
  region size 1024K, 41 young (41984K), 3 survivors (3072K)
 Metaspace       used 81863K, capacity 83908K, committed 84044K, reserved 1122304K
  class space    used 10550K, capacity 11322K, committed 11340K, reserved 1048576K
}
Event: 43.930 GC heap after
{Heap after GC invocations=37 (full 0):
 garbage-first heap   total 133120K, used 68012K [0x0000000080000000, 0x0000000100000000)
  region size 1024K, 6 young (6144K), 6 survivors (6144K)
 Metaspace       used 81863K, capacity 83908K, committed 84044K, reserved 1122304K
  class space    used 10550K, capacity 11322K, committed 11340K, reserved 1048576K
}
Event: 45.899 GC heap before
{Heap before GC invocations=38 (full 0):
 garbage-first heap   total 133120K, used 104876K [0x0000000080000000, 0x0000000100000000)
  region size 1024K, 43 young (44032K), 6 survivors (6144K)
 Metaspace       used 83107K, capacity 85283K, committed 85580K, reserved 1124352K
  class space    used 10708K, capacity 11505K, committed 11596K, reserved 1048576K
}
Event: 45.933 GC heap after
{Heap after GC invocations=39 (full 0):
 garbage-first heap   total 159744K, used 70593K [0x0000000080000000, 0x0000000100000000)
  region size 1024K, 6 young (6144K), 6 survivors (6144K)
 Metaspace       used 83107K, capacity 85283K, committed 85580K, reserved 1124352K
  class space    used 10708K, capacity 11505K, committed 11596K, reserved 1048576K
}
Event: 48.885 GC heap before
{Heap before GC invocations=39 (full 0):
 garbage-first heap   total 159744K, used 116673K [0x0000000080000000, 0x0000000100000000)
  region size 1024K, 50 young (51200K), 6 survivors (6144K)
 Metaspace       used 89452K, capacity 91685K, committed 91852K, reserved 1128448K
  class space    used 11514K, capacity 12361K, committed 12492K, reserved 1048576K
}
Event: 48.916 GC heap after
{Heap after GC invocations=40 (full 0):
 garbage-first heap   total 159744K, used 78358K [0x0000000080000000, 0x0000000100000000)
  region size 1024K, 7 young (7168K), 7 survivors (7168K)
 Metaspace       used 89452K, capacity 91685K, committed 91852K, reserved 1128448K
  class space    used 11514K, capacity 12361K, committed 12492K, reserved 1048576K
}
Event: 53.018 GC heap before
{Heap before GC invocations=40 (full 0):
 garbage-first heap   total 159744K, used 122390K [0x0000000080000000, 0x0000000100000000)
  region size 1024K, 50 young (51200K), 7 survivors (7168K)
 Metaspace       used 91993K, capacity 94338K, committed 94668K, reserved 1130496K
  class space    used 11789K, capacity 12662K, committed 12748K, reserved 1048576K
}
Event: 53.040 GC heap after
{Heap after GC invocations=41 (full 0):
 garbage-first heap   total 159744K, used 78408K [0x0000000080000000, 0x0000000100000000)
  region size 1024K, 2 young (2048K), 2 survivors (2048K)
 Metaspace       used 91993K, capacity 94338K, committed 94668K, reserved 1130496K
  class space    used 11789K, capacity 12662K, committed 12748K, reserved 1048576K
}
Event: 55.377 GC heap before
{Heap before GC invocations=41 (full 0):
 garbage-first heap   total 159744K, used 123464K [0x0000000080000000, 0x0000000100000000)
  region size 1024K, 47 young (48128K), 2 survivors (2048K)
 Metaspace       used 92883K, capacity 95345K, committed 95564K, reserved 1132544K
  class space    used 11895K, capacity 12781K, committed 12876K, reserved 1048576K
}
Event: 55.396 GC heap after
{Heap after GC invocations=42 (full 0):
 garbage-first heap   total 159744K, used 80395K [0x0000000080000000, 0x0000000100000000)
  region size 1024K, 3 young (3072K), 3 survivors (3072K)
 Metaspace       used 92883K, capacity 95345K, committed 95564K, reserved 1132544K
  class space    used 11895K, capacity 12781K, committed 12876K, reserved 1048576K
}
Event: 58.844 GC heap before
{Heap before GC invocations=43 (full 0):
 garbage-first heap   total 159744K, used 128523K [0x0000000080000000, 0x0000000100000000)
  region size 1024K, 51 young (52224K), 3 survivors (3072K)
 Metaspace       used 103268K, capacity 106462K, committed 106572K, reserved 1140736K
  class space    used 13597K, capacity 14855K, committed 14924K, reserved 1048576K
}
Event: 58.873 GC heap after
{Heap after GC invocations=44 (full 0):
 garbage-first heap   total 159744K, used 82222K [0x0000000080000000, 0x0000000100000000)
  region size 1024K, 5 young (5120K), 5 survivors (5120K)
 Metaspace       used 103268K, capacity 106462K, committed 106572K, reserved 1140736K
  class space    used 13597K, capacity 14855K, committed 14924K, reserved 1048576K
}
Event: 61.081 GC heap before
{Heap before GC invocations=44 (full 0):
 garbage-first heap   total 159744K, used 130350K [0x0000000080000000, 0x0000000100000000)
  region size 1024K, 52 young (53248K), 5 survivors (5120K)
 Metaspace       used 106955K, capacity 110192K, committed 110540K, reserved 1144832K
  class space    used 14205K, capacity 15451K, committed 15564K, reserved 1048576K
}
Event: 61.106 GC heap after
{Heap after GC invocations=45 (full 0):
 garbage-first heap   total 159744K, used 83634K [0x0000000080000000, 0x0000000100000000)
  region size 1024K, 4 young (4096K), 4 survivors (4096K)
 Metaspace       used 106955K, capacity 110192K, committed 110540K, reserved 1144832K
  class space    used 14205K, capacity 15451K, committed 15564K, reserved 1048576K
}
Event: 63.133 GC heap before
{Heap before GC invocations=46 (full 0):
 garbage-first heap   total 159744K, used 121522K [0x0000000080000000, 0x0000000100000000)
  region size 1024K, 44 young (45056K), 4 survivors (4096K)
 Metaspace       used 109562K, capacity 112856K, committed 113100K, reserved 1146880K
  class space    used 14517K, capacity 15798K, committed 15820K, reserved 1048576K
}
Event: 63.159 GC heap after
{Heap after GC invocations=47 (full 0):
 garbage-first heap   total 159744K, used 84028K [0x0000000080000000, 0x0000000100000000)
  region size 1024K, 6 young (6144K), 6 survivors (6144K)
 Metaspace       used 109562K, capacity 112856K, committed 113100K, reserved 1146880K
  class space    used 14517K, capacity 15798K, committed 15820K, reserved 1048576K
}
Event: 583.360 GC heap before
{Heap before GC invocations=48 (full 0):
 garbage-first heap   total 159744K, used 138300K [0x0000000080000000, 0x0000000100000000)
  region size 1024K, 52 young (53248K), 6 survivors (6144K)
 Metaspace       used 113283K, capacity 116648K, committed 116812K, reserved 1150976K
  class space    used 14802K, capacity 16101K, committed 16204K, reserved 1048576K
}
Event: 583.574 GC heap after
{Heap after GC invocations=49 (full 0):
 garbage-first heap   total 159744K, used 86012K [0x0000000080000000, 0x0000000100000000)
  region size 1024K, 5 young (5120K), 5 survivors (5120K)
 Metaspace       used 113283K, capacity 116648K, committed 116812K, reserved 1150976K
  class space    used 14802K, capacity 16101K, committed 16204K, reserved 1048576K
}

Deoptimization events (20 events):
Event: 585.807 Thread 0x000002a5ddc49000 Uncommon trap: trap_request=0xffffffcc fr.pc=0x000002a5cecd50f8 relative=0x0000000000000238
Event: 585.807 Thread 0x000002a5ddc49000 Uncommon trap: reason=intrinsic_or_type_checked_inlining action=make_not_entrant pc=0x000002a5cecd50f8 method=java.util.Arrays.copyOfRange([Ljava/lang/Object;IILjava/lang/Class;)[Ljava/lang/Object; @ 83 c2
Event: 585.807 Thread 0x000002a5ddc49000 DEOPT PACKING pc=0x000002a5cecd50f8 sp=0x000000ce0fff9c50
Event: 585.807 Thread 0x000002a5ddc49000 DEOPT UNPACKING pc=0x000002a5c6c76ca9 sp=0x000000ce0fff9bf0 mode 2
Event: 585.997 Thread 0x000002a5ddc49000 Uncommon trap: trap_request=0xffffffbe fr.pc=0x000002a5ceae6c74 relative=0x0000000000000bd4
Event: 585.997 Thread 0x000002a5ddc49000 Uncommon trap: reason=profile_predicate action=maybe_recompile pc=0x000002a5ceae6c74 method=com.google.common.collect.ImmutableSet.construct(I[Ljava/lang/Object;)Lcom/google/common/collect/ImmutableSet; @ 68 c2
Event: 585.997 Thread 0x000002a5ddc49000 DEOPT PACKING pc=0x000002a5ceae6c74 sp=0x000000ce0fff69f0
Event: 585.997 Thread 0x000002a5ddc49000 DEOPT UNPACKING pc=0x000002a5c6c76ca9 sp=0x000000ce0fff6980 mode 2
Event: 586.306 Thread 0x000002a5ddc49000 Uncommon trap: trap_request=0xfffffff4 fr.pc=0x000002a5ced1a380 relative=0x00000000000004c0
Event: 586.306 Thread 0x000002a5ddc49000 Uncommon trap: reason=null_check action=make_not_entrant pc=0x000002a5ced1a380 method=org.gradle.tooling.internal.provider.runner.SubtreeFilteringBuildOperationListener.finished(Lorg/gradle/internal/operations/BuildOperationDescriptor;Lorg/gradle/internal
Event: 586.306 Thread 0x000002a5ddc49000 DEOPT PACKING pc=0x000002a5ced1a380 sp=0x000000ce0fff8ad0
Event: 586.306 Thread 0x000002a5ddc49000 DEOPT UNPACKING pc=0x000002a5c6c76ca9 sp=0x000000ce0fff8a68 mode 2
Event: 586.322 Thread 0x000002a5ddc49000 Uncommon trap: trap_request=0xffffff4d fr.pc=0x000002a5ceb82220 relative=0x00000000000003e0
Event: 586.322 Thread 0x000002a5ddc49000 Uncommon trap: reason=unstable_if action=reinterpret pc=0x000002a5ceb82220 method=java.io.ObjectOutputStream$BlockDataOutputStream.writeBytes(Ljava/lang/String;)V @ 22 c2
Event: 586.322 Thread 0x000002a5ddc49000 DEOPT PACKING pc=0x000002a5ceb82220 sp=0x000000ce0fff82a0
Event: 586.322 Thread 0x000002a5ddc49000 DEOPT UNPACKING pc=0x000002a5c6c76ca9 sp=0x000000ce0fff8228 mode 2
Event: 586.480 Thread 0x000002a5ddc51000 Uncommon trap: trap_request=0xffffffde fr.pc=0x000002a5cec919c8 relative=0x0000000000001588
Event: 586.480 Thread 0x000002a5ddc51000 Uncommon trap: reason=class_check action=maybe_recompile pc=0x000002a5cec919c8 method=sun.management.spi.PlatformMBeanProvider$PlatformComponent.getMBeans(Ljava/lang/Class;)Ljava/util/List; @ 26 c2
Event: 586.480 Thread 0x000002a5ddc51000 DEOPT PACKING pc=0x000002a5cec919c8 sp=0x000000ce105fdaf0
Event: 586.480 Thread 0x000002a5ddc51000 DEOPT UNPACKING pc=0x000002a5c6c76ca9 sp=0x000000ce105fdab8 mode 2

Classes redefined (0 events):
No events

Internal exceptions (20 events):
Event: 62.228 Thread 0x000002a5e24e7800 Implicit null exception at 0x000002a5ce89616b to 0x000002a5ce89891c
Event: 62.443 Thread 0x000002a5e24e7800 Exception <a 'java/lang/NoSuchMethodError'{0x00000000883f3278}: 'java.lang.Object java.lang.invoke.DirectMethodHandle$Holder.invokeStatic(java.lang.Object, java.lang.Object, java.lang.Object, java.lang.Object, java.lang.Object, int, java.lang.Object)'> (0x00000000883f3278) thrown at [./src/hotspot/share/interpreter/linkResolver.cpp, line 773]
Event: 62.639 Thread 0x000002a5e24e7800 Exception <a 'java/lang/NoSuchMethodError'{0x0000000087fe45a0}: 'java.lang.Object java.lang.invoke.DirectMethodHandle$Holder.invokeStatic(java.lang.Object, java.lang.Object, java.lang.Object, java.lang.Object, java.lang.Object, java.lang.Object, java.lang.Object, int)'> (0x0000000087fe45a0) thrown at [./src/hotspot/share/interpreter/linkResolver.cpp, line 773]
Event: 62.640 Thread 0x000002a5e24e7800 Exception <a 'java/lang/NoSuchMethodError'{0x0000000087fe89d8}: 'java.lang.Object java.lang.invoke.DirectMethodHandle$Holder.invokeSpecial(java.lang.Object, java.lang.Object, java.lang.Object, java.lang.Object, java.lang.Object, java.lang.Object, java.lang.Object, java.lang.Object, int)'> (0x0000000087fe89d8) thrown at [./src/hotspot/share/interpreter/linkResolver.cpp, line 773]
Event: 62.641 Thread 0x000002a5e24e7800 Exception <a 'java/lang/NoSuchMethodError'{0x0000000087fec790}: 'java.lang.Object java.lang.invoke.Invokers$Holder.linkToTargetMethod(java.lang.Object, java.lang.Object, java.lang.Object, java.lang.Object, java.lang.Object, java.lang.Object, int, java.lang.Object)'> (0x0000000087fec790) thrown at [./src/hotspot/share/interpreter/linkResolver.cpp, line 773]
Event: 63.398 Thread 0x000002a5e24e7800 Exception <a 'java/lang/NoSuchMethodError'{0x000000008998aad0}: 'java.lang.Object java.lang.invoke.DirectMethodHandle$Holder.invokeVirtual(java.lang.Object, java.lang.Object, int)'> (0x000000008998aad0) thrown at [./src/hotspot/share/interpreter/linkResolver.cpp, line 773]
Event: 63.731 Thread 0x000002a5ddc4d000 Exception <a 'sun/nio/fs/WindowsException'{0x00000000898eeca0}> (0x00000000898eeca0) thrown at [./src/hotspot/share/prims/jni.cpp, line 615]
Event: 63.977 Thread 0x000002a5de5fe800 Exception <a 'java/lang/NoSuchMethodError'{0x00000000897d2d50}: 'java.lang.Object java.lang.invoke.DirectMethodHandle$Holder.invokeSpecial(java.lang.Object, java.lang.Object, java.lang.Object, java.lang.Object, int, java.lang.Object, java.lang.Object)'> (0x00000000897d2d50) thrown at [./src/hotspot/share/interpreter/linkResolver.cpp, line 773]
Event: 67.468 Thread 0x000002a5dfac1800 Implicit null exception at 0x000002a5ce75acf4 to 0x000002a5ce75b1cc
Event: 67.470 Thread 0x000002a5dfac1800 Implicit null exception at 0x000002a5cea13314 to 0x000002a5cea13884
Event: 583.664 Thread 0x000002a5ddc49000 Exception <a 'sun/nio/fs/WindowsException'{0x0000000089b2f818}> (0x0000000089b2f818) thrown at [./src/hotspot/share/prims/jni.cpp, line 615]
Event: 584.122 Thread 0x000002a5ddc49000 Implicit null exception at 0x000002a5cecfd24c to 0x000002a5ced004d8
Event: 584.169 Thread 0x000002a5ddc49000 Exception <a 'java/lang/NoClassDefFoundError'{0x00000000898093f8}: org/jetbrains/kotlin/gradle/plugin/KotlinBasePluginWrapper> (0x00000000898093f8) thrown at [./src/hotspot/share/oops/constantPool.cpp, line 775]
Event: 585.164 Thread 0x000002a5ddc49000 Exception <a 'sun/nio/fs/WindowsException'{0x000000008971cfa8}> (0x000000008971cfa8) thrown at [./src/hotspot/share/prims/jni.cpp, line 615]
Event: 585.737 Thread 0x000002a5ddc49000 Exception <a 'sun/nio/fs/WindowsException'{0x00000000897be688}> (0x00000000897be688) thrown at [./src/hotspot/share/prims/jni.cpp, line 615]
Event: 585.738 Thread 0x000002a5ddc49000 Exception <a 'sun/nio/fs/WindowsException'{0x00000000897bf658}> (0x00000000897bf658) thrown at [./src/hotspot/share/prims/jni.cpp, line 615]
Event: 585.739 Thread 0x000002a5ddc49000 Exception <a 'sun/nio/fs/WindowsException'{0x00000000897c06d0}> (0x00000000897c06d0) thrown at [./src/hotspot/share/prims/jni.cpp, line 615]
Event: 585.740 Thread 0x000002a5ddc49000 Exception <a 'sun/nio/fs/WindowsException'{0x00000000897c1748}> (0x00000000897c1748) thrown at [./src/hotspot/share/prims/jni.cpp, line 615]
Event: 586.306 Thread 0x000002a5ddc49000 Implicit null exception at 0x000002a5ced19f52 to 0x000002a5ced1a358
Event: 586.388 Thread 0x000002a5ddc49000 Exception <a 'sun/nio/fs/WindowsException'{0x000000008935b620}> (0x000000008935b620) thrown at [./src/hotspot/share/prims/jni.cpp, line 615]

Events (20 events):
Event: 586.704 Executing VM operation: RevokeBias
Event: 586.706 Executing VM operation: RevokeBias done
Event: 586.960 Executing VM operation: RevokeBias
Event: 586.962 Executing VM operation: RevokeBias done
Event: 586.962 Executing VM operation: RevokeBias
Event: 586.963 Executing VM operation: RevokeBias done
Event: 587.058 Executing VM operation: RevokeBias
Event: 587.059 Executing VM operation: RevokeBias done
Event: 587.261 Executing VM operation: RevokeBias
Event: 587.262 Executing VM operation: RevokeBias done
Event: 587.371 Executing VM operation: RevokeBias
Event: 587.371 Executing VM operation: RevokeBias done
Event: 587.477 loading class com/android/resources/Density
Event: 587.477 loading class com/android/resources/Density done
Event: 587.478 loading class com/android/resources/Density
Event: 587.478 loading class com/android/resources/Density done
Event: 587.481 loading class com/android/build/gradle/tasks/MergeResources$MergeResourcesVectorDrawableRenderer
Event: 587.481 loading class com/android/build/gradle/tasks/MergeResources$MergeResourcesVectorDrawableRenderer done
Event: 587.488 loading class com/android/builder/png/VectorDrawableRenderer
Event: 587.488 loading class com/android/builder/png/VectorDrawableRenderer done


Dynamic libraries:
0x00007ff677460000 - 0x00007ff67746a000 	C:\Program Files\Android\Android Studio\jre\bin\java.exe
0x00007ffcd3070000 - 0x00007ffcd3265000 	C:\Windows\SYSTEM32\ntdll.dll
0x00007ffcd2370000 - 0x00007ffcd242e000 	C:\Windows\System32\KERNEL32.DLL
0x00007ffcd0d60000 - 0x00007ffcd1029000 	C:\Windows\System32\KERNELBASE.dll
0x00007ffcd0ab0000 - 0x00007ffcd0bb0000 	C:\Windows\System32\ucrtbase.dll
0x00007ffcca710000 - 0x00007ffcca729000 	C:\Program Files\Android\Android Studio\jre\bin\jli.dll
0x00007ffcd1510000 - 0x00007ffcd16b1000 	C:\Windows\System32\USER32.dll
0x00007ffcc5db0000 - 0x00007ffcc5dc7000 	C:\Program Files\Android\Android Studio\jre\bin\VCRUNTIME140.dll
0x00007ffcd08a0000 - 0x00007ffcd08c2000 	C:\Windows\System32\win32u.dll
0x00007ffcd1f10000 - 0x00007ffcd1f3b000 	C:\Windows\System32\GDI32.dll
0x00007ffcd0900000 - 0x00007ffcd0a0b000 	C:\Windows\System32\gdi32full.dll
0x00007ffcc14c0000 - 0x00007ffcc175a000 	C:\Windows\WinSxS\amd64_microsoft.windows.common-controls_6595b64144ccf1df_6.0.19041.1110_none_60b5254171f9507e\COMCTL32.dll
0x00007ffcd2b80000 - 0x00007ffcd2c1e000 	C:\Windows\System32\msvcrt.dll
0x00007ffcd0a10000 - 0x00007ffcd0aad000 	C:\Windows\System32\msvcp_win.dll
0x00007ffcd1450000 - 0x00007ffcd1480000 	C:\Windows\System32\IMM32.DLL
0x00007ffcaeaa0000 - 0x00007ffcaeb3d000 	C:\Program Files\Android\Android Studio\jre\bin\msvcp140.dll
0x00007ffc9b3e0000 - 0x00007ffc9beaf000 	C:\Program Files\Android\Android Studio\jre\bin\server\jvm.dll
0x00007ffcd1f40000 - 0x00007ffcd1fec000 	C:\Windows\System32\ADVAPI32.dll
0x00007ffcd1d30000 - 0x00007ffcd1dcb000 	C:\Windows\System32\sechost.dll
0x00007ffcd1ff0000 - 0x00007ffcd211a000 	C:\Windows\System32\RPCRT4.dll
0x00007ffcd1d20000 - 0x00007ffcd1d28000 	C:\Windows\System32\PSAPI.DLL
0x00007ffccabb0000 - 0x00007ffccabb9000 	C:\Windows\SYSTEM32\WSOCK32.dll
0x00007ffcd2140000 - 0x00007ffcd21ab000 	C:\Windows\System32\WS2_32.dll
0x00007ffcc1220000 - 0x00007ffcc122a000 	C:\Windows\SYSTEM32\VERSION.dll
0x00007ffcb2570000 - 0x00007ffcb2597000 	C:\Windows\SYSTEM32\WINMM.dll
0x00007ffccf010000 - 0x00007ffccf022000 	C:\Windows\SYSTEM32\kernel.appcore.dll
0x00007ffcc23e0000 - 0x00007ffcc23f1000 	C:\Program Files\Android\Android Studio\jre\bin\verify.dll
0x00007ffcceca0000 - 0x00007ffccee84000 	C:\Windows\SYSTEM32\DBGHELP.DLL
0x00007ffcbda80000 - 0x00007ffcbdaac000 	C:\Windows\SYSTEM32\dbgcore.DLL
0x00007ffcd1030000 - 0x00007ffcd10b3000 	C:\Windows\System32\bcryptPrimitives.dll
0x00007ffcba070000 - 0x00007ffcba099000 	C:\Program Files\Android\Android Studio\jre\bin\java.dll
0x00007ffcc9fc0000 - 0x00007ffcc9fcb000 	C:\Program Files\Android\Android Studio\jre\bin\jimage.dll
0x00007ffcc23c0000 - 0x00007ffcc23d8000 	C:\Program Files\Android\Android Studio\jre\bin\zip.dll
0x00007ffcd2440000 - 0x00007ffcd2b7f000 	C:\Windows\System32\SHELL32.dll
0x00007ffcce3f0000 - 0x00007ffcceb80000 	C:\Windows\SYSTEM32\windows.storage.dll
0x00007ffcd2cd0000 - 0x00007ffcd3025000 	C:\Windows\System32\combase.dll
0x00007ffcd0110000 - 0x00007ffcd013c000 	C:\Windows\SYSTEM32\Wldp.dll
0x00007ffcd1340000 - 0x00007ffcd13ed000 	C:\Windows\System32\SHCORE.dll
0x00007ffcd13f0000 - 0x00007ffcd1445000 	C:\Windows\System32\shlwapi.dll
0x00007ffcd06d0000 - 0x00007ffcd06ef000 	C:\Windows\SYSTEM32\profapi.dll
0x00007ffcbd7a0000 - 0x00007ffcbd7ba000 	C:\Program Files\Android\Android Studio\jre\bin\net.dll
0x00007ffcc1230000 - 0x00007ffcc1338000 	C:\Windows\SYSTEM32\WINHTTP.dll
0x00007ffccfe70000 - 0x00007ffccfeda000 	C:\Windows\system32\mswsock.dll
0x00007ffcbd5c0000 - 0x00007ffcbd5d4000 	C:\Program Files\Android\Android Studio\jre\bin\nio.dll
0x00007ffccc3d0000 - 0x00007ffccc3f7000 	C:\Users\paco_\.gradle\native\8bec1ad78214c89d9ad589b4d07fe93259594b29d510b10fafb7a158f7737e5d\windows-amd64\native-platform.dll
0x00007ffcaebd0000 - 0x00007ffcaed0d000 	C:\Users\paco_\.gradle\native\53dbd7edfb1c66fb8903c78663c9afc45aea4f116125fa6feffd364cf09443e8\windows-amd64\native-platform-file-events.dll
0x00007ffcc8890000 - 0x00007ffcc889a000 	C:\Program Files\Android\Android Studio\jre\bin\management.dll
0x00007ffcc7f40000 - 0x00007ffcc7f4c000 	C:\Program Files\Android\Android Studio\jre\bin\management_ext.dll
0x00007ffcd0060000 - 0x00007ffcd0078000 	C:\Windows\SYSTEM32\CRYPTSP.dll
0x00007ffccf7f0000 - 0x00007ffccf824000 	C:\Windows\system32\rsaenh.dll
0x00007ffcd08d0000 - 0x00007ffcd08f7000 	C:\Windows\System32\bcrypt.dll
0x00007ffcd0650000 - 0x00007ffcd067e000 	C:\Windows\SYSTEM32\USERENV.dll
0x00007ffcd0080000 - 0x00007ffcd008c000 	C:\Windows\SYSTEM32\CRYPTBASE.dll
0x00007ffccfb60000 - 0x00007ffccfb9b000 	C:\Windows\SYSTEM32\IPHLPAPI.DLL
0x00007ffcd2430000 - 0x00007ffcd2438000 	C:\Windows\System32\NSI.dll
0x00007ffcc3880000 - 0x00007ffcc3897000 	C:\Windows\SYSTEM32\dhcpcsvc6.DLL
0x00007ffcc3950000 - 0x00007ffcc396d000 	C:\Windows\SYSTEM32\dhcpcsvc.DLL
0x00007ffccfba0000 - 0x00007ffccfc6c000 	C:\Windows\SYSTEM32\DNSAPI.dll
0x00007ffcc5210000 - 0x00007ffcc5237000 	C:\Program Files\Android\Android Studio\jre\bin\sunec.dll

dbghelp: loaded successfully - version: 4.0.5 - missing functions: none
symbol engine: initialized successfully - sym options: 0x614 - pdb path: .;C:\Program Files\Android\Android Studio\jre\bin;C:\Windows\SYSTEM32;C:\Windows\WinSxS\amd64_microsoft.windows.common-controls_6595b64144ccf1df_6.0.19041.1110_none_60b5254171f9507e;C:\Program Files\Android\Android Studio\jre\bin\server;C:\Users\paco_\.gradle\native\8bec1ad78214c89d9ad589b4d07fe93259594b29d510b10fafb7a158f7737e5d\windows-amd64;C:\Users\paco_\.gradle\native\53dbd7edfb1c66fb8903c78663c9afc45aea4f116125fa6feffd364cf09443e8\windows-amd64

VM Arguments:
jvm_args: --add-opens=java.base/java.util=ALL-UNNAMED --add-opens=java.base/java.lang=ALL-UNNAMED --add-opens=java.base/java.lang.invoke=ALL-UNNAMED --add-opens=java.base/java.util=ALL-UNNAMED --add-opens=java.prefs/java.util.prefs=ALL-UNNAMED --add-opens=java.prefs/java.util.prefs=ALL-UNNAMED --add-opens=java.base/java.nio.charset=ALL-UNNAMED --add-opens=java.base/java.net=ALL-UNNAMED --add-opens=java.base/java.util.concurrent.atomic=ALL-UNNAMED -Xmx2048m -Dfile.encoding=UTF-8 -Duser.country=MX -Duser.language=es -Duser.variant 
java_command: org.gradle.launcher.daemon.bootstrap.GradleDaemon 7.0.2
java_class_path (initial): C:\Users\paco_\.gradle\wrapper\dists\gradle-7.0.2-bin\857tjihv64xamwrf0h14cai3r\gradle-7.0.2\lib\gradle-launcher-7.0.2.jar
Launcher Type: SUN_STANDARD

[Global flags]
     intx CICompilerCount                          = 3                                         {product} {ergonomic}
     uint ConcGCThreads                            = 1                                         {product} {ergonomic}
     uint G1ConcRefinementThreads                  = 4                                         {product} {ergonomic}
   size_t G1HeapRegionSize                         = 1048576                                   {product} {ergonomic}
    uintx GCDrainStackTargetSize                   = 64                                        {product} {ergonomic}
   size_t InitialHeapSize                          = 65011712                                  {product} {ergonomic}
   size_t MarkStackSize                            = 4194304                                   {product} {ergonomic}
   size_t MaxHeapSize                              = 2147483648                                {product} {command line}
   size_t MaxNewSize                               = 1287651328                                {product} {ergonomic}
   size_t MinHeapDeltaBytes                        = 1048576                                   {product} {ergonomic}
    uintx NonNMethodCodeHeapSize                   = 5830732                                {pd product} {ergonomic}
    uintx NonProfiledCodeHeapSize                  = 122913754                              {pd product} {ergonomic}
    uintx ProfiledCodeHeapSize                     = 122913754                              {pd product} {ergonomic}
    uintx ReservedCodeCacheSize                    = 251658240                              {pd product} {ergonomic}
     bool SegmentedCodeCache                       = true                                      {product} {ergonomic}
     bool UseCompressedClassPointers               = true                                 {lp64_product} {ergonomic}
     bool UseCompressedOops                        = true                                 {lp64_product} {ergonomic}
     bool UseG1GC                                  = true                                      {product} {ergonomic}
     bool UseLargePagesIndividualAllocation        = false                                  {pd product} {ergonomic}

Logging:
Log output configuration:
 #0: stdout all=warning uptime,level,tags
 #1: stderr all=off uptime,level,tags

Environment Variables:
JAVA_HOME=C:\Program Files\Java\jdk1.8.0_202
PATH=C:\app\paco_\product\21c\dbhomeXE\bin;C:\Program Files\Microsoft MPI\Bin\;C:\Program Files (x86)\Common Files\Oracle\Java\javapath;C:\Windows\system32;C:\Windows;C:\Windows\System32\Wbem;C:\Windows\System32\WindowsPowerShell\v1.0\;C:\Windows\System32\OpenSSH\;C:\Program Files\Microsoft SQL Server\Client SDK\ODBC\170\Tools\Binn\;C:\Program Files (x86)\Microsoft SQL Server\150\Tools\Binn\;C:\Program Files\Microsoft SQL Server\150\Tools\Binn\;C:\Program Files\Microsoft SQL Server\150\DTS\Binn\;C:\Program Files (x86)\Microsoft SQL Server\150\DTS\Binn\;C:\Program Files\Azure Data Studio\bin;C:\Program Files\Java\jdk1.8.0_202\bin;D:\flutter\bin;D:\SDK\tools;D:\SDK\platform-tools;C:\Program Files\Git\cmd;C:\Users\paco_\AppData\Local\Programs\Python\Python39\Scripts\;C:\Users\paco_\AppData\Local\Programs\Python\Python39\;C:\Users\paco_\AppData\Local\Microsoft\WindowsApps;C:\Users\paco_\AppData\Local\Programs\Microsoft VS Code\bin
USERNAME=paco_
OS=Windows_NT
PROCESSOR_IDENTIFIER=Intel64 Family 6 Model 76 Stepping 4, GenuineIntel



---------------  S Y S T E M  ---------------

OS: Windows 10 , 64 bit Build 19041 (10.0.19041.1202)
OS uptime: 10 days 11:57 hours

CPU:total 4 (initial active 4) (4 cores per cpu, 1 threads per core) family 6 model 76 stepping 4 microcode 0x411, cmov, cx8, fxsr, mmx, sse, sse2, sse3, ssse3, sse4.1, sse4.2, popcnt, aes, clmul, erms, 3dnowpref, tsc, tscinvbit

Memory: 4k page, system-wide physical 3922M (394M free)
TotalPageFile size 6694M (AvailPageFile size 3M)
current process WorkingSet (physical memory assigned to process): 239M, peak: 424M
current process commit charge ("private bytes"): 467M, peak: 471M

vm_info: OpenJDK 64-Bit Server VM (11.0.10+0-b96-7249189) for windows-amd64 JRE (11.0.10+0-b96-7249189), built on Mar 31 2021 21:44:00 by "builder" with MS VC++ 14.0 (VS2015)

END.
